Component: ARM Compiler 5.06 update 6 (build 750) Tool: armlink [4d35ed]

==============================================================================

Section Cross References

    startup_stm32l476xx.o(RESET) refers to startup_stm32l476xx.o(STACK) for __initial_sp
    startup_stm32l476xx.o(RESET) refers to startup_stm32l476xx.o(.text) for Reset_Handler
    startup_stm32l476xx.o(RESET) refers to stm32l4xx_it.o(i.NMI_Handler) for NMI_Handler
    startup_stm32l476xx.o(RESET) refers to stm32l4xx_it.o(i.HardFault_Handler) for HardFault_Handler
    startup_stm32l476xx.o(RESET) refers to stm32l4xx_it.o(i.MemManage_Handler) for MemManage_Handler
    startup_stm32l476xx.o(RESET) refers to stm32l4xx_it.o(i.BusFault_Handler) for BusFault_Handler
    startup_stm32l476xx.o(RESET) refers to stm32l4xx_it.o(i.UsageFault_Handler) for UsageFault_Handler
    startup_stm32l476xx.o(RESET) refers to stm32l4xx_it.o(i.SVC_Handler) for SVC_Handler
    startup_stm32l476xx.o(RESET) refers to stm32l4xx_it.o(i.DebugMon_Handler) for DebugMon_Handler
    startup_stm32l476xx.o(RESET) refers to stm32l4xx_it.o(i.PendSV_Handler) for PendSV_Handler
    startup_stm32l476xx.o(RESET) refers to stm32l4xx_it.o(i.SysTick_Handler) for SysTick_Handler
    startup_stm32l476xx.o(RESET) refers to stm32l4xx_it.o(i.EXTI0_IRQHandler) for EXTI0_IRQHandler
    startup_stm32l476xx.o(RESET) refers to stm32l4xx_it.o(i.USART2_IRQHandler) for USART2_IRQHandler
    startup_stm32l476xx.o(RESET) refers to stm32l4xx_it.o(i.OTG_FS_IRQHandler) for OTG_FS_IRQHandler
    startup_stm32l476xx.o(.text) refers to system_stm32l4xx.o(i.SystemInit) for SystemInit
    startup_stm32l476xx.o(.text) refers to entry.o(.ARM.Collect$$$$00000000) for __main
    main.o(i.MX_GPIO_Init) refers to memseta.o(.text) for __aeabi_memclr4
    main.o(i.MX_GPIO_Init) refers to stm32l4xx_hal_gpio.o(i.HAL_GPIO_WritePin) for HAL_GPIO_WritePin
    main.o(i.MX_GPIO_Init) refers to stm32l4xx_hal_gpio.o(i.HAL_GPIO_Init) for HAL_GPIO_Init
    main.o(i.MX_GPIO_Init) refers to stm32l4xx_hal_cortex.o(i.HAL_NVIC_SetPriority) for HAL_NVIC_SetPriority
    main.o(i.MX_GPIO_Init) refers to stm32l4xx_hal_cortex.o(i.HAL_NVIC_EnableIRQ) for HAL_NVIC_EnableIRQ
    main.o(i.MX_USART2_UART_Init) refers to stm32l4xx_hal_uart.o(i.HAL_UART_Init) for HAL_UART_Init
    main.o(i.MX_USART2_UART_Init) refers to main.o(.bss) for .bss
    main.o(i.SystemClock_Config) refers to memseta.o(.text) for __aeabi_memclr4
    main.o(i.SystemClock_Config) refers to stm32l4xx_hal_rcc.o(i.HAL_RCC_OscConfig) for HAL_RCC_OscConfig
    main.o(i.SystemClock_Config) refers to stm32l4xx_hal_rcc.o(i.HAL_RCC_ClockConfig) for HAL_RCC_ClockConfig
    main.o(i.SystemClock_Config) refers to stm32l4xx_hal_rcc_ex.o(i.HAL_RCCEx_PeriphCLKConfig) for HAL_RCCEx_PeriphCLKConfig
    main.o(i.SystemClock_Config) refers to stm32l4xx_hal_pwr_ex.o(i.HAL_PWREx_ControlVoltageScaling) for HAL_PWREx_ControlVoltageScaling
    main.o(i.main) refers to stm32l4xx_hal.o(i.HAL_Init) for HAL_Init
    main.o(i.main) refers to main.o(i.SystemClock_Config) for SystemClock_Config
    main.o(i.main) refers to main.o(i.MX_GPIO_Init) for MX_GPIO_Init
    main.o(i.main) refers to usb_host.o(i.MX_USB_HOST_Init) for MX_USB_HOST_Init
    main.o(i.main) refers to main.o(i.MX_USART2_UART_Init) for MX_USART2_UART_Init
    main.o(i.main) refers to usb_host.o(i.MX_USB_HOST_Process) for MX_USB_HOST_Process
    main.o(.data) refers to main.o(.conststring) for .conststring
    main.o(.data) refers to main.o(.conststring) for .conststring
    main.o(.data) refers to main.o(.conststring) for .conststring
    usb_host.o(i.MX_USB_HOST_Init) refers to usbh_core.o(i.USBH_Init) for USBH_Init
    usb_host.o(i.MX_USB_HOST_Init) refers to usbh_core.o(i.USBH_RegisterClass) for USBH_RegisterClass
    usb_host.o(i.MX_USB_HOST_Init) refers to usbh_core.o(i.USBH_Start) for USBH_Start
    usb_host.o(i.MX_USB_HOST_Init) refers to usb_host.o(i.USBH_UserProcess) for USBH_UserProcess
    usb_host.o(i.MX_USB_HOST_Init) refers to usb_host.o(.bss) for .bss
    usb_host.o(i.MX_USB_HOST_Init) refers to usbh_cdc.o(.data) for CDC_Class
    usb_host.o(i.MX_USB_HOST_Process) refers to usbh_core.o(i.USBH_Process) for USBH_Process
    usb_host.o(i.MX_USB_HOST_Process) refers to usb_host.o(.bss) for .bss
    usb_host.o(i.USBH_UserProcess) refers to usb_host.o(.data) for .data
    usbh_conf.o(i.HAL_HCD_Connect_Callback) refers to usbh_core.o(i.USBH_LL_Connect) for USBH_LL_Connect
    usbh_conf.o(i.HAL_HCD_Disconnect_Callback) refers to usbh_core.o(i.USBH_LL_Disconnect) for USBH_LL_Disconnect
    usbh_conf.o(i.HAL_HCD_MspDeInit) refers to stm32l4xx_hal_gpio.o(i.HAL_GPIO_DeInit) for HAL_GPIO_DeInit
    usbh_conf.o(i.HAL_HCD_MspDeInit) refers to stm32l4xx_hal_pwr_ex.o(i.HAL_PWREx_DisableVddUSB) for HAL_PWREx_DisableVddUSB
    usbh_conf.o(i.HAL_HCD_MspDeInit) refers to stm32l4xx_hal_cortex.o(i.HAL_NVIC_DisableIRQ) for HAL_NVIC_DisableIRQ
[...]
    ../Drivers/STM32L4xx_HAL_Driver/Src/stm32l4xx_ll_usb.c 0x00000000   Number         0  stm32l4xx_ll_usb.o ABSOLUTE
    ../Middlewares/ST/STM32_USB_Host_Library/Class/CDC/Src/usbh_cdc.c 0x00000000   Number         0  usbh_cdc.o ABSOLUTE
    ../Middlewares/ST/STM32_USB_Host_Library/Core/Src/usbh_core.c 0x00000000   Number         0  usbh_core.o ABSOLUTE
    ../Middlewares/ST/STM32_USB_Host_Library/Core/Src/usbh_ctlreq.c 0x00000000   Number         0  usbh_ctlreq.o ABSOLUTE
    ../Middlewares/ST/STM32_USB_Host_Library/Core/Src/usbh_ioreq.c 0x00000000   Number         0  usbh_ioreq.o ABSOLUTE
    ../Middlewares/ST/STM32_USB_Host_Library/Core/Src/usbh_pipes.c 0x00000000   Number         0  usbh_pipes.o ABSOLUTE
    ../Src/main.c                            0x00000000   Number         0  main.o ABSOLUTE
    ../Src/stm32l4xx_hal_msp.c               0x00000000   Number         0  stm32l4xx_hal_msp.o ABSOLUTE
    ../Src/stm32l4xx_it.c                    0x00000000   Number         0  stm32l4xx_it.o ABSOLUTE
    ../Src/system_stm32l4xx.c                0x00000000   Number         0  system_stm32l4xx.o ABSOLUTE
    ../Src/usb_host.c                        0x00000000   Number         0  usb_host.o ABSOLUTE
    ../Src/usbh_conf.c                       0x00000000   Number         0  usbh_conf.o ABSOLUTE
    ../Src/usbh_platform.c                   0x00000000   Number         0  usbh_platform.o ABSOLUTE
    ../clib/microlib/division.c              0x00000000   Number         0  uldiv.o ABSOLUTE
    ../clib/microlib/init/entry.s            0x00000000   Number         0  entry8a.o ABSOLUTE
    ../clib/microlib/init/entry.s            0x00000000   Number         0  entry.o ABSOLUTE
    ../clib/microlib/init/entry.s            0x00000000   Number         0  entry11b.o ABSOLUTE
    ../clib/microlib/init/entry.s            0x00000000   Number         0  entry11a.o ABSOLUTE
    ../clib/microlib/init/entry.s            0x00000000   Number         0  entry10b.o ABSOLUTE
    ../clib/microlib/init/entry.s            0x00000000   Number         0  entry7b.o ABSOLUTE
    ../clib/microlib/init/entry.s            0x00000000   Number         0  entry10a.o ABSOLUTE
    ../clib/microlib/init/entry.s            0x00000000   Number         0  entry7a.o ABSOLUTE
    ../clib/microlib/init/entry.s            0x00000000   Number         0  entry9b.o ABSOLUTE
    ../clib/microlib/init/entry.s            0x00000000   Number         0  entry2.o ABSOLUTE
    ../clib/microlib/init/entry.s            0x00000000   Number         0  entry9a.o ABSOLUTE
    ../clib/microlib/init/entry.s            0x00000000   Number         0  entry5.o ABSOLUTE
    ../clib/microlib/init/entry.s            0x00000000   Number         0  entry8b.o ABSOLUTE
    ../clib/microlib/longlong.c              0x00000000   Number         0  llshl.o ABSOLUTE
    ../clib/microlib/longlong.c              0x00000000   Number         0  llushr.o ABSOLUTE
    ../clib/microlib/malloc/malloc.c         0x00000000   Number         0  mallocr.o ABSOLUTE
    ../clib/microlib/malloc/malloc.c         0x00000000   Number         0  malloca.o ABSOLUTE
    ../clib/microlib/malloc/malloc.c         0x00000000   Number         0  mallocra.o ABSOLUTE
    ../clib/microlib/malloc/malloc.c         0x00000000   Number         0  malloc.o ABSOLUTE
    ../clib/microlib/malloc/mvars.c          0x00000000   Number         0  mvars.o ABSOLUTE
    ../clib/microlib/string/memcpy.c         0x00000000   Number         0  memcpyb.o ABSOLUTE
    ../clib/microlib/string/memcpy.c         0x00000000   Number         0  memcpya.o ABSOLUTE
    ../clib/microlib/string/memset.c         0x00000000   Number         0  memseta.o ABSOLUTE
    ../clib/microlib/string/strlen.c         0x00000000   Number         0  strlen.o ABSOLUTE
    ..\Drivers\STM32L4xx_HAL_Driver\Src\stm32l4xx_hal.c 0x00000000   Number         0  stm32l4xx_hal.o ABSOLUTE
    ..\Drivers\STM32L4xx_HAL_Driver\Src\stm32l4xx_hal_cortex.c 0x00000000   Number         0  stm32l4xx_hal_cortex.o ABSOLUTE
    ..\Drivers\STM32L4xx_HAL_Driver\Src\stm32l4xx_hal_dma.c 0x00000000   Number         0  stm32l4xx_hal_dma.o ABSOLUTE
    ..\Drivers\STM32L4xx_HAL_Driver\Src\stm32l4xx_hal_dma_ex.c 0x00000000   Number         0  stm32l4xx_hal_dma_ex.o ABSOLUTE
    ..\Drivers\STM32L4xx_HAL_Driver\Src\stm32l4xx_hal_flash.c 0x00000000   Number         0  stm32l4xx_hal_flash.o ABSOLUTE
    ..\Drivers\STM32L4xx_HAL_Driver\Src\stm32l4xx_hal_flash_ex.c 0x00000000   Number         0  stm32l4xx_hal_flash_ex.o ABSOLUTE
    ..\Drivers\STM32L4xx_HAL_Driver\Src\stm32l4xx_hal_flash_ramfunc.c 0x00000000   Number         0  stm32l4xx_hal_flash_ramfunc.o ABSOLUTE
    ..\Drivers\STM32L4xx_HAL_Driver\Src\stm32l4xx_hal_gpio.c 0x00000000   Number         0  stm32l4xx_hal_gpio.o ABSOLUTE
    ..\Drivers\STM32L4xx_HAL_Driver\Src\stm32l4xx_hal_hcd.c 0x00000000   Number         0  stm32l4xx_hal_hcd.o ABSOLUTE
    ..\Drivers\STM32L4xx_HAL_Driver\Src\stm32l4xx_hal_i2c.c 0x00000000   Number         0  stm32l4xx_hal_i2c.o ABSOLUTE
    ..\Drivers\STM32L4xx_HAL_Driver\Src\stm32l4xx_hal_i2c_ex.c 0x00000000   Number         0  stm32l4xx_hal_i2c_ex.o ABSOLUTE
    ..\Drivers\STM32L4xx_HAL_Driver\Src\stm32l4xx_hal_pwr.c 0x00000000   Number         0  stm32l4xx_hal_pwr.o ABSOLUTE
    ..\Drivers\STM32L4xx_HAL_Driver\Src\stm32l4xx_hal_pwr_ex.c 0x00000000   Number         0  stm32l4xx_hal_pwr_ex.o ABSOLUTE
    ..\Drivers\STM32L4xx_HAL_Driver\Src\stm32l4xx_hal_rcc.c 0x00000000   Number         0  stm32l4xx_hal_rcc.o ABSOLUTE
    ..\Drivers\STM32L4xx_HAL_Driver\Src\stm32l4xx_hal_rcc_ex.c 0x00000000   Number         0  stm32l4xx_hal_rcc_ex.o ABSOLUTE
    ..\Drivers\STM32L4xx_HAL_Driver\Src\stm32l4xx_hal_tim.c 0x00000000   Number         0  stm32l4xx_hal_tim.o ABSOLUTE
    ..\Drivers\STM32L4xx_HAL_Driver\Src\stm32l4xx_hal_tim_ex.c 0x00000000   Number         0  stm32l4xx_hal_tim_ex.o ABSOLUTE
    ..\Drivers\STM32L4xx_HAL_Driver\Src\stm32l4xx_hal_uart.c 0x00000000   Number         0  stm32l4xx_hal_uart.o ABSOLUTE
    ..\Drivers\STM32L4xx_HAL_Driver\Src\stm32l4xx_hal_uart_ex.c 0x00000000   Number         0  stm32l4xx_hal_uart_ex.o ABSOLUTE
    ..\Drivers\STM32L4xx_HAL_Driver\Src\stm32l4xx_ll_usb.c 0x00000000   Number         0  stm32l4xx_ll_usb.o ABSOLUTE
    ..\Middlewares\ST\STM32_USB_Host_Library\Class\CDC\Src\usbh_cdc.c 0x00000000   Number         0  usbh_cdc.o ABSOLUTE
    ..\Middlewares\ST\STM32_USB_Host_Library\Core\Src\usbh_core.c 0x00000000   Number         0  usbh_core.o ABSOLUTE
    ..\Middlewares\ST\STM32_USB_Host_Library\Core\Src\usbh_ctlreq.c 0x00000000   Number         0  usbh_ctlreq.o ABSOLUTE
    ..\Middlewares\ST\STM32_USB_Host_Library\Core\Src\usbh_ioreq.c 0x00000000   Number         0  usbh_ioreq.o ABSOLUTE
    ..\Middlewares\ST\STM32_USB_Host_Library\Core\Src\usbh_pipes.c 0x00000000   Number         0  usbh_pipes.o ABSOLUTE
    ..\Src\main.c                            0x00000000   Number         0  main.o ABSOLUTE
    ..\Src\stm32l4xx_hal_msp.c               0x00000000   Number         0  stm32l4xx_hal_msp.o ABSOLUTE
    ..\Src\stm32l4xx_it.c                    0x00000000   Number         0  stm32l4xx_it.o ABSOLUTE
    ..\Src\system_stm32l4xx.c                0x00000000   Number         0  system_stm32l4xx.o ABSOLUTE
    ..\Src\usb_host.c                        0x00000000   Number         0  usb_host.o ABSOLUTE
    ..\Src\usbh_conf.c                       0x00000000   Number         0  usbh_conf.o ABSOLUTE
    ..\Src\usbh_platform.c                   0x00000000   Number         0  usbh_platform.o ABSOLUTE
    dc.s                                     0x00000000   Number         0  dc.o ABSOLUTE
    handlers.s                               0x00000000   Number         0  handlers.o ABSOLUTE
    init.s                                   0x00000000   Number         0  init.o ABSOLUTE
    startup_stm32l476xx.s                    0x00000000   Number         0  startup_stm32l476xx.o ABSOLUTE
    RESET                                    0x08000000   Section      392  startup_stm32l476xx.o(RESET)
    .ARM.Collect$$$$00000000                 0x08000188   Section        0  entry.o(.ARM.Collect$$$$00000000)
    .ARM.Collect$$$$00000001                 0x08000188   Section        4  entry2.o(.ARM.Collect$$$$00000001)
    .ARM.Collect$$$$00000004                 0x0800018c   Section        4  entry5.o(.ARM.Collect$$$$00000004)
    .ARM.Collect$$$$00000008                 0x08000190   Section        0  entry7b.o(.ARM.Collect$$$$00000008)
    .ARM.Collect$$$$0000000A                 0x08000190   Section        0  entry8b.o(.ARM.Collect$$$$0000000A)
    .ARM.Collect$$$$0000000B                 0x08000190   Section        8  entry9a.o(.ARM.Collect$$$$0000000B)
    .ARM.Collect$$$$0000000D                 0x08000198   Section        0  entry10a.o(.ARM.Collect$$$$0000000D)
    .ARM.Collect$$$$0000000F                 0x08000198   Section        0  entry11a.o(.ARM.Collect$$$$0000000F)
    .ARM.Collect$$$$00002712                 0x08000198   Section        4  entry2.o(.ARM.Collect$$$$00002712)
    __lit__00000000                          0x08000198   Data           4  entry2.o(.ARM.Collect$$$$00002712)
    .text                                    0x0800019c   Section       36  startup_stm32l476xx.o(.text)
    $v0                                      0x0800019c   Number         0  startup_stm32l476xx.o(.text)
    .text                                    0x080001c0   Section        0  uldiv.o(.text)
    .text                                    0x08000228   Section        0  memcpya.o(.text)
    .text                                    0x0800024c   Section        0  memseta.o(.text)
    .text                                    0x08000270   Section        0  strlen.o(.text)
    .text                                    0x0800027e   Section        0  llshl.o(.text)
    .text                                    0x0800029c   Section        0  llushr.o(.text)
    .text                                    0x080002bc   Section       36  init.o(.text)
    i.BusFault_Handler                       0x080002e0   Section        0  stm32l4xx_it.o(i.BusFault_Handler)
    i.CDC_ProcessReception                   0x080002e4   Section        0  usbh_cdc.o(i.CDC_ProcessReception)
    CDC_ProcessReception                     0x080002e5   Thumb Code   104  usbh_cdc.o(i.CDC_ProcessReception)
    i.CDC_ProcessTransmission                0x0800034c   Section        0  usbh_cdc.o(i.CDC_ProcessTransmission)
    CDC_ProcessTransmission                  0x0800034d   Thumb Code   114  usbh_cdc.o(i.CDC_ProcessTransmission)
    i.DeInitStateMachine                     0x080003c0   Section        0  usbh_core.o(i.DeInitStateMachine)
    DeInitStateMachine                       0x080003c1   Thumb Code    72  usbh_core.o(i.DeInitStateMachine)
    i.DebugMon_Handler                       0x08000408   Section        0  stm32l4xx_it.o(i.DebugMon_Handler)
    i.EXTI0_IRQHandler                       0x0800040c   Section        0  stm32l4xx_it.o(i.EXTI0_IRQHandler)
    i.Error_Handler                          0x08000468   Section        0  main.o(i.Error_Handler)
    i.GetLineCoding                          0x0800046a   Section        0  usbh_cdc.o(i.GetLineCoding)
    GetLineCoding                            0x0800046b   Thumb Code    22  usbh_cdc.o(i.GetLineCoding)
    i.HAL_DMA_Abort_IT                       0x08000480   Section        0  stm32l4xx_hal_dma.o(i.HAL_DMA_Abort_IT)
    i.HAL_Delay                              0x080004ce   Section        0  stm32l4xx_hal.o(i.HAL_Delay)
    i.HAL_GPIO_EXTI_Callback                 0x080004ea   Section        0  stm32l4xx_hal_gpio.o(i.HAL_GPIO_EXTI_Callback)
    i.HAL_GPIO_EXTI_IRQHandler               0x080004ec   Section        0  stm32l4xx_hal_gpio.o(i.HAL_GPIO_EXTI_IRQHandler)
    i.HAL_GPIO_Init                          0x08000504   Section        0  stm32l4xx_hal_gpio.o(i.HAL_GPIO_Init)
    i.HAL_GPIO_WritePin                      0x080006ce   Section        0  stm32l4xx_hal_gpio.o(i.HAL_GPIO_WritePin)
    i.HAL_GetTick                            0x080006d8   Section        0  stm32l4xx_hal.o(i.HAL_GetTick)
    i.HAL_HCD_Connect_Callback               0x080006e4   Section        0  usbh_conf.o(i.HAL_HCD_Connect_Callback)
    i.HAL_HCD_Disconnect_Callback            0x080006ec   Section        0  usbh_conf.o(i.HAL_HCD_Disconnect_Callback)
    i.HAL_HCD_GetCurrentFrame                0x080006f4   Section        0  stm32l4xx_hal_hcd.o(i.HAL_HCD_GetCurrentFrame)
    i.HAL_HCD_GetCurrentSpeed                0x080006fa   Section        0  stm32l4xx_hal_hcd.o(i.HAL_HCD_GetCurrentSpeed)
    i.HAL_HCD_HC_GetURBState                 0x08000700   Section        0  stm32l4xx_hal_hcd.o(i.HAL_HCD_HC_GetURBState)
    i.HAL_HCD_HC_GetXferCount                0x0800070e   Section        0  stm32l4xx_hal_hcd.o(i.HAL_HCD_HC_GetXferCount)
    i.HAL_HCD_HC_Halt                        0x0800071a   Section        0  stm32l4xx_hal_hcd.o(i.HAL_HCD_HC_Halt)
    i.HAL_HCD_HC_Init                        0x0800073e   Section        0  stm32l4xx_hal_hcd.o(i.HAL_HCD_HC_Init)
    i.HAL_HCD_HC_NotifyURBChange_Callback    0x080007b6   Section        0  usbh_conf.o(i.HAL_HCD_HC_NotifyURBChange_Callback)
    i.HAL_HCD_HC_SubmitRequest               0x080007b8   Section        0  stm32l4xx_hal_hcd.o(i.HAL_HCD_HC_SubmitRequest)
    i.HAL_HCD_IRQHandler                     0x08000844   Section        0  stm32l4xx_hal_hcd.o(i.HAL_HCD_IRQHandler)
    i.HAL_HCD_Init                           0x08000976   Section        0  stm32l4xx_hal_hcd.o(i.HAL_HCD_Init)
    i.HAL_HCD_MspInit                        0x080009e0   Section        0  usbh_conf.o(i.HAL_HCD_MspInit)
    i.HAL_HCD_PortDisabled_Callback          0x08000a60   Section        0  usbh_conf.o(i.HAL_HCD_PortDisabled_Callback)
    i.HAL_HCD_PortEnabled_Callback           0x08000a68   Section        0  usbh_conf.o(i.HAL_HCD_PortEnabled_Callback)
    i.HAL_HCD_ResetPort                      0x08000a70   Section        0  stm32l4xx_hal_hcd.o(i.HAL_HCD_ResetPort)
    i.HAL_HCD_SOF_Callback                   0x08000a76   Section        0  usbh_conf.o(i.HAL_HCD_SOF_Callback)
    i.HAL_HCD_Start                          0x08000a7e   Section        0  stm32l4xx_hal_hcd.o(i.HAL_HCD_Start)
    i.HAL_HCD_Stop                           0x08000aaa   Section        0  stm32l4xx_hal_hcd.o(i.HAL_HCD_Stop)
    i.HAL_IncTick                            0x08000ad0   Section        0  stm32l4xx_hal.o(i.HAL_IncTick)
    i.HAL_Init                               0x08000ae0   Section        0  stm32l4xx_hal.o(i.HAL_Init)
    i.HAL_InitTick                           0x08000b0c   Section        0  stm32l4xx_hal.o(i.HAL_InitTick)
    i.HAL_MspInit                            0x08000b3c   Section        0  stm32l4xx_hal_msp.o(i.HAL_MspInit)
    i.HAL_NVIC_EnableIRQ                     0x08000b68   Section        0  stm32l4xx_hal_cortex.o(i.HAL_NVIC_EnableIRQ)
    i.HAL_NVIC_SetPriority                   0x08000b80   Section        0  stm32l4xx_hal_cortex.o(i.HAL_NVIC_SetPriority)
    i.HAL_NVIC_SetPriorityGrouping           0x08000bc0   Section        0  stm32l4xx_hal_cortex.o(i.HAL_NVIC_SetPriorityGrouping)
    i.HAL_PWREx_ControlVoltageScaling        0x08000be4   Section        0  stm32l4xx_hal_pwr_ex.o(i.HAL_PWREx_ControlVoltageScaling)
    i.HAL_PWREx_EnableVddUSB                 0x08000c4c   Section        0  stm32l4xx_hal_pwr_ex.o(i.HAL_PWREx_EnableVddUSB)
    i.HAL_PWREx_GetVoltageRange              0x08000c5c   Section        0  stm32l4xx_hal_pwr_ex.o(i.HAL_PWREx_GetVoltageRange)
    i.HAL_RCCEx_PeriphCLKConfig              0x08000c6c   Section        0  stm32l4xx_hal_rcc_ex.o(i.HAL_RCCEx_PeriphCLKConfig)
    i.HAL_RCC_ClockConfig                    0x0800101c   Section        0  stm32l4xx_hal_rcc.o(i.HAL_RCC_ClockConfig)
    i.HAL_RCC_GetPCLK1Freq                   0x08001134   Section        0  stm32l4xx_hal_rcc.o(i.HAL_RCC_GetPCLK1Freq)
    i.HAL_RCC_GetPCLK2Freq                   0x08001158   Section        0  stm32l4xx_hal_rcc.o(i.HAL_RCC_GetPCLK2Freq)
    i.HAL_RCC_GetSysClockFreq                0x0800117c   Section        0  stm32l4xx_hal_rcc.o(i.HAL_RCC_GetSysClockFreq)
    i.HAL_RCC_OscConfig                      0x08001220   Section        0  stm32l4xx_hal_rcc.o(i.HAL_RCC_OscConfig)
    i.HAL_SYSTICK_Config                     0x08001684   Section        0  stm32l4xx_hal_cortex.o(i.HAL_SYSTICK_Config)
    i.HAL_UARTEx_WakeupCallback              0x080016ac   Section        0  stm32l4xx_hal_uart_ex.o(i.HAL_UARTEx_WakeupCallback)
    i.HAL_UART_ErrorCallback                 0x080016ae   Section        0  stm32l4xx_hal_uart.o(i.HAL_UART_ErrorCallback)
    i.HAL_UART_IRQHandler                    0x080016b0   Section        0  stm32l4xx_hal_uart.o(i.HAL_UART_IRQHandler)
    i.HAL_UART_Init                          0x080017f4   Section        0  stm32l4xx_hal_uart.o(i.HAL_UART_Init)
    i.HAL_UART_MspInit                       0x08001860   Section        0  stm32l4xx_hal_msp.o(i.HAL_UART_MspInit)
    i.HAL_UART_Transmit                      0x080018d4   Section        0  stm32l4xx_hal_uart.o(i.HAL_UART_Transmit)
    i.HAL_UART_TxCpltCallback                0x08001984   Section        0  stm32l4xx_hal_uart.o(i.HAL_UART_TxCpltCallback)
    i.HCD_HC_IN_IRQHandler                   0x08001986   Section        0  stm32l4xx_hal_hcd.o(i.HCD_HC_IN_IRQHandler)
    HCD_HC_IN_IRQHandler                     0x08001987   Thumb Code   556  stm32l4xx_hal_hcd.o(i.HCD_HC_IN_IRQHandler)
    i.HCD_HC_OUT_IRQHandler                  0x08001bb8   Section        0  stm32l4xx_hal_hcd.o(i.HCD_HC_OUT_IRQHandler)
    HCD_HC_OUT_IRQHandler                    0x08001bb9   Thumb Code   576  stm32l4xx_hal_hcd.o(i.HCD_HC_OUT_IRQHandler)
    i.HCD_Port_IRQHandler                    0x08001df8   Section        0  stm32l4xx_hal_hcd.o(i.HCD_Port_IRQHandler)
    HCD_Port_IRQHandler                      0x08001df9   Thumb Code   184  stm32l4xx_hal_hcd.o(i.HCD_Port_IRQHandler)
    i.HCD_RXQLVL_IRQHandler                  0x08001eb0   Section        0  stm32l4xx_hal_hcd.o(i.HCD_RXQLVL_IRQHandler)
    HCD_RXQLVL_IRQHandler                    0x08001eb1   Thumb Code   108  stm32l4xx_hal_hcd.o(i.HCD_RXQLVL_IRQHandler)
    i.HardFault_Handler                      0x08001f20   Section        0  stm32l4xx_it.o(i.HardFault_Handler)
    i.MX_DriverVbusFS                        0x08001f24   Section        0  usbh_platform.o(i.MX_DriverVbusFS)
    i.MX_GPIO_Init                           0x08001f3c   Section        0  main.o(i.MX_GPIO_Init)
    MX_GPIO_Init                             0x08001f3d   Thumb Code   688  main.o(i.MX_GPIO_Init)
    i.MX_USART2_UART_Init                    0x08002210   Section        0  main.o(i.MX_USART2_UART_Init)
    MX_USART2_UART_Init                      0x08002211   Thumb Code    36  main.o(i.MX_USART2_UART_Init)
    i.MX_USB_HOST_Init                       0x0800223c   Section        0  usb_host.o(i.MX_USB_HOST_Init)
    i.MX_USB_HOST_Process                    0x08002268   Section        0  usb_host.o(i.MX_USB_HOST_Process)
    i.MemManage_Handler                      0x08002274   Section        0  stm32l4xx_it.o(i.MemManage_Handler)
    i.NMI_Handler                            0x08002276   Section        0  stm32l4xx_it.o(i.NMI_Handler)
    i.NVIC_SetPriority                       0x08002278   Section        0  stm32l4xx_hal_cortex.o(i.NVIC_SetPriority)
    NVIC_SetPriority                         0x08002279   Thumb Code    32  stm32l4xx_hal_cortex.o(i.NVIC_SetPriority)
    i.OTG_FS_IRQHandler                      0x08002298   Section        0  stm32l4xx_it.o(i.OTG_FS_IRQHandler)
    i.PendSV_Handler                         0x080022a4   Section        0  stm32l4xx_it.o(i.PendSV_Handler)
    i.RCCEx_PLLSAI1_Config                   0x080022a8   Section        0  stm32l4xx_hal_rcc_ex.o(i.RCCEx_PLLSAI1_Config)
    RCCEx_PLLSAI1_Config                     0x080022a9   Thumb Code   278  stm32l4xx_hal_rcc_ex.o(i.RCCEx_PLLSAI1_Config)
    i.RCCEx_PLLSAI2_Config                   0x080023d4   Section        0  stm32l4xx_hal_rcc_ex.o(i.RCCEx_PLLSAI2_Config)
    RCCEx_PLLSAI2_Config                     0x080023d5   Thumb Code   250  stm32l4xx_hal_rcc_ex.o(i.RCCEx_PLLSAI2_Config)
    i.RCC_SetFlashLatencyFromMSIRange        0x080024dc   Section        0  stm32l4xx_hal_rcc.o(i.RCC_SetFlashLatencyFromMSIRange)
    RCC_SetFlashLatencyFromMSIRange          0x080024dd   Thumb Code   116  stm32l4xx_hal_rcc.o(i.RCC_SetFlashLatencyFromMSIRange)
    i.SVC_Handler                            0x08002558   Section        0  stm32l4xx_it.o(i.SVC_Handler)
    i.SysTick_Handler                        0x0800255a   Section        0  stm32l4xx_it.o(i.SysTick_Handler)
    i.SystemClock_Config                     0x0800255e   Section        0  main.o(i.SystemClock_Config)
    i.SystemInit                             0x080025e8   Section        0  system_stm32l4xx.o(i.SystemInit)
    i.UART_AdvFeatureConfig                  0x0800262c   Section        0  stm32l4xx_hal_uart.o(i.UART_AdvFeatureConfig)
    i.UART_CheckIdleState                    0x080026f4   Section        0  stm32l4xx_hal_uart.o(i.UART_CheckIdleState)
    i.UART_DMAAbortOnError                   0x08002750   Section        0  stm32l4xx_hal_uart.o(i.UART_DMAAbortOnError)
    UART_DMAAbortOnError                     0x08002751   Thumb Code    20  stm32l4xx_hal_uart.o(i.UART_DMAAbortOnError)
    i.UART_EndRxTransfer                     0x08002764   Section        0  stm32l4xx_hal_uart.o(i.UART_EndRxTransfer)
    UART_EndRxTransfer                       0x08002765   Thumb Code    32  stm32l4xx_hal_uart.o(i.UART_EndRxTransfer)
    i.UART_SetConfig                         0x08002784   Section        0  stm32l4xx_hal_uart.o(i.UART_SetConfig)
    i.UART_WaitOnFlagUntilTimeout            0x08002a24   Section        0  stm32l4xx_hal_uart.o(i.UART_WaitOnFlagUntilTimeout)
    i.USART2_IRQHandler                      0x08002a88   Section        0  stm32l4xx_it.o(i.USART2_IRQHandler)
    i.USBH_AllocPipe                         0x08002a94   Section        0  usbh_pipes.o(i.USBH_AllocPipe)
    i.USBH_BulkReceiveData                   0x08002ac8   Section        0  usbh_ioreq.o(i.USBH_BulkReceiveData)
    i.USBH_BulkSendData                      0x08002ae8   Section        0  usbh_ioreq.o(i.USBH_BulkSendData)
    i.USBH_CDC_ClassRequest                  0x08002b10   Section        0  usbh_cdc.o(i.USBH_CDC_ClassRequest)
    USBH_CDC_ClassRequest                    0x08002b11   Thumb Code    36  usbh_cdc.o(i.USBH_CDC_ClassRequest)
    i.USBH_CDC_InterfaceDeInit               0x08002b34   Section        0  usbh_cdc.o(i.USBH_CDC_InterfaceDeInit)
    USBH_CDC_InterfaceDeInit                 0x08002b35   Thumb Code    94  usbh_cdc.o(i.USBH_CDC_InterfaceDeInit)
    i.USBH_CDC_InterfaceInit                 0x08002b92   Section        0  usbh_cdc.o(i.USBH_CDC_InterfaceInit)
    USBH_CDC_InterfaceInit                   0x08002b93   Thumb Code   308  usbh_cdc.o(i.USBH_CDC_InterfaceInit)
    i.USBH_CDC_LineCodingChanged             0x08002cc6   Section        0  usbh_cdc.o(i.USBH_CDC_LineCodingChanged)
    i.USBH_CDC_Process                       0x08002cc8   Section        0  usbh_cdc.o(i.USBH_CDC_Process)
    USBH_CDC_Process                         0x08002cc9   Thumb Code   184  usbh_cdc.o(i.USBH_CDC_Process)
    i.USBH_CDC_ReceiveCallback               0x08002d80   Section        0  usbh_cdc.o(i.USBH_CDC_ReceiveCallback)
    i.USBH_CDC_SOFProcess                    0x08002d82   Section        0  usbh_cdc.o(i.USBH_CDC_SOFProcess)
    USBH_CDC_SOFProcess                      0x08002d83   Thumb Code     4  usbh_cdc.o(i.USBH_CDC_SOFProcess)
    i.USBH_CDC_TransmitCallback              0x08002d86   Section        0  usbh_cdc.o(i.USBH_CDC_TransmitCallback)
    i.USBH_ClosePipe                         0x08002d88   Section        0  usbh_pipes.o(i.USBH_ClosePipe)
    i.USBH_ClrFeature                        0x08002d92   Section        0  usbh_ctlreq.o(i.USBH_ClrFeature)
    i.USBH_CtlReceiveData                    0x08002db0   Section        0  usbh_ioreq.o(i.USBH_CtlReceiveData)
    i.USBH_CtlReq                            0x08002dce   Section        0  usbh_ctlreq.o(i.USBH_CtlReq)
    i.USBH_CtlSendData                       0x08002e08   Section        0  usbh_ioreq.o(i.USBH_CtlSendData)
    i.USBH_CtlSendSetup                      0x08002e30   Section        0  usbh_ioreq.o(i.USBH_CtlSendSetup)
    i.USBH_Delay                             0x08002e4e   Section        0  usbh_conf.o(i.USBH_Delay)
    i.USBH_FindInterface                     0x08002e54   Section        0  usbh_core.o(i.USBH_FindInterface)
    i.USBH_FreePipe                          0x08002e98   Section        0  usbh_pipes.o(i.USBH_FreePipe)
    i.USBH_GetDescriptor                     0x08002eb0   Section        0  usbh_ctlreq.o(i.USBH_GetDescriptor)
    i.USBH_GetNextDesc                       0x08002ee4   Section        0  usbh_ctlreq.o(i.USBH_GetNextDesc)
    i.USBH_Get_CfgDesc                       0x08002ef2   Section        0  usbh_ctlreq.o(i.USBH_Get_CfgDesc)
    i.USBH_Get_DevDesc                       0x08002f1e   Section        0  usbh_ctlreq.o(i.USBH_Get_DevDesc)
    i.USBH_Get_StringDesc                    0x08002fae   Section        0  usbh_ctlreq.o(i.USBH_Get_StringDesc)
    i.USBH_HandleControl                     0x08002ff6   Section        0  usbh_ctlreq.o(i.USBH_HandleControl)
    USBH_HandleControl                       0x08002ff7   Thumb Code   394  usbh_ctlreq.o(i.USBH_HandleControl)
    i.USBH_HandleEnum                        0x08003186   Section        0  usbh_core.o(i.USBH_HandleEnum)
    USBH_HandleEnum                          0x08003187   Thumb Code   242  usbh_core.o(i.USBH_HandleEnum)
    i.USBH_Init                              0x08003278   Section        0  usbh_core.o(i.USBH_Init)
    i.USBH_LL_ClosePipe                      0x080032a8   Section        0  usbh_conf.o(i.USBH_LL_ClosePipe)
    i.USBH_LL_Connect                        0x080032c8   Section        0  usbh_core.o(i.USBH_LL_Connect)
    i.USBH_LL_Disconnect                     0x080032f2   Section        0  usbh_core.o(i.USBH_LL_Disconnect)
    i.USBH_LL_DriverVBUS                     0x0800332a   Section        0  usbh_conf.o(i.USBH_LL_DriverVBUS)
    i.USBH_LL_GetLastXferSize                0x08003344   Section        0  usbh_conf.o(i.USBH_LL_GetLastXferSize)
    i.USBH_LL_GetSpeed                       0x0800334c   Section        0  usbh_conf.o(i.USBH_LL_GetSpeed)
    i.USBH_LL_GetURBState                    0x0800336e   Section        0  usbh_conf.o(i.USBH_LL_GetURBState)
    i.USBH_LL_IncTimer                       0x08003376   Section        0  usbh_core.o(i.USBH_LL_IncTimer)
    i.USBH_LL_Init                           0x08003394   Section        0  usbh_conf.o(i.USBH_LL_Init)
    i.USBH_LL_OpenPipe                       0x080033e4   Section        0  usbh_conf.o(i.USBH_LL_OpenPipe)
    i.USBH_LL_PortDisabled                   0x0800340e   Section        0  usbh_core.o(i.USBH_LL_PortDisabled)
    i.USBH_LL_PortEnabled                    0x08003416   Section        0  usbh_core.o(i.USBH_LL_PortEnabled)
    i.USBH_LL_ResetPort                      0x0800341e   Section        0  usbh_conf.o(i.USBH_LL_ResetPort)
    i.USBH_LL_SetTimer                       0x0800343e   Section        0  usbh_core.o(i.USBH_LL_SetTimer)
    i.USBH_LL_SetToggle                      0x08003444   Section        0  usbh_conf.o(i.USBH_LL_SetToggle)
    i.USBH_LL_Start                          0x08003464   Section        0  usbh_conf.o(i.USBH_LL_Start)
    i.USBH_LL_Stop                           0x08003484   Section        0  usbh_conf.o(i.USBH_LL_Stop)
    i.USBH_LL_SubmitURB                      0x080034a4   Section        0  usbh_conf.o(i.USBH_LL_SubmitURB)
    i.USBH_OpenPipe                          0x080034d4   Section        0  usbh_pipes.o(i.USBH_OpenPipe)
    i.USBH_ParseCfgDesc                      0x080034e8   Section        0  usbh_ctlreq.o(i.USBH_ParseCfgDesc)
    USBH_ParseCfgDesc                        0x080034e9   Thumb Code   220  usbh_ctlreq.o(i.USBH_ParseCfgDesc)
    i.USBH_Process                           0x080035c4   Section        0  usbh_core.o(i.USBH_Process)
    i.USBH_RegisterClass                     0x08003764   Section        0  usbh_core.o(i.USBH_RegisterClass)
    i.USBH_SelectInterface                   0x08003780   Section        0  usbh_core.o(i.USBH_SelectInterface)
    i.USBH_SetAddress                        0x08003796   Section        0  usbh_ctlreq.o(i.USBH_SetAddress)
    i.USBH_SetCfg                            0x080037b2   Section        0  usbh_ctlreq.o(i.USBH_SetCfg)
    i.USBH_SetFeature                        0x080037ce   Section        0  usbh_ctlreq.o(i.USBH_SetFeature)
    i.USBH_Start                             0x080037ea   Section        0  usbh_core.o(i.USBH_Start)
    i.USBH_UserProcess                       0x08003800   Section        0  usb_host.o(i.USBH_UserProcess)
    USBH_UserProcess                         0x08003801   Thumb Code    28  usb_host.o(i.USBH_UserProcess)
    i.USB_CoreInit                           0x08003820   Section        0  stm32l4xx_ll_usb.o(i.USB_CoreInit)
    i.USB_CoreReset                          0x08003874   Section        0  stm32l4xx_ll_usb.o(i.USB_CoreReset)
    USB_CoreReset                            0x08003875   Thumb Code    50  stm32l4xx_ll_usb.o(i.USB_CoreReset)
    i.USB_DisableGlobalInt                   0x080038ac   Section        0  stm32l4xx_ll_usb.o(i.USB_DisableGlobalInt)
    i.USB_DriveVbus                          0x080038b8   Section        0  stm32l4xx_ll_usb.o(i.USB_DriveVbus)
    i.USB_EnableGlobalInt                    0x080038e4   Section        0  stm32l4xx_ll_usb.o(i.USB_EnableGlobalInt)
    i.USB_FlushRxFifo                        0x080038f0   Section        0  stm32l4xx_ll_usb.o(i.USB_FlushRxFifo)
    i.USB_FlushTxFifo                        0x08003910   Section        0  stm32l4xx_ll_usb.o(i.USB_FlushTxFifo)
    i.USB_GetCurrentFrame                    0x08003934   Section        0  stm32l4xx_ll_usb.o(i.USB_GetCurrentFrame)
    i.USB_GetHostSpeed                       0x0800393c   Section        0  stm32l4xx_ll_usb.o(i.USB_GetHostSpeed)
    i.USB_GetMode                            0x0800394a   Section        0  stm32l4xx_ll_usb.o(i.USB_GetMode)
    i.USB_HC_Halt                            0x08003952   Section        0  stm32l4xx_ll_usb.o(i.USB_HC_Halt)
    i.USB_HC_Init                            0x08003a14   Section        0  stm32l4xx_ll_usb.o(i.USB_HC_Init)
    i.USB_HC_ReadInterrupt                   0x08003aec   Section        0  stm32l4xx_ll_usb.o(i.USB_HC_ReadInterrupt)
    i.USB_HC_StartXfer                       0x08003af4   Section        0  stm32l4xx_ll_usb.o(i.USB_HC_StartXfer)
    i.USB_HostInit                           0x08003bfc   Section        0  stm32l4xx_ll_usb.o(i.USB_HostInit)
    i.USB_InitFSLSPClkSel                    0x08003cc4   Section        0  stm32l4xx_ll_usb.o(i.USB_InitFSLSPClkSel)
    i.USB_ReadInterrupts                     0x08003cfa   Section        0  stm32l4xx_ll_usb.o(i.USB_ReadInterrupts)
    i.USB_ReadPacket                         0x08003d02   Section        0  stm32l4xx_ll_usb.o(i.USB_ReadPacket)
    i.USB_ResetPort                          0x08003d1e   Section        0  stm32l4xx_ll_usb.o(i.USB_ResetPort)
    i.USB_SetCurrentMode                     0x08003d50   Section        0  stm32l4xx_ll_usb.o(i.USB_SetCurrentMode)
    i.USB_StopHost                           0x08003d80   Section        0  stm32l4xx_ll_usb.o(i.USB_StopHost)
    i.USB_WritePacket                        0x08003dfe   Section        0  stm32l4xx_ll_usb.o(i.USB_WritePacket)
    i.UsageFault_Handler                     0x08003e1e   Section        0  stm32l4xx_it.o(i.UsageFault_Handler)
    i.__scatterload_copy                     0x08003e20   Section       14  handlers.o(i.__scatterload_copy)
    i.__scatterload_null                     0x08003e2e   Section        2  handlers.o(i.__scatterload_null)
    i.__scatterload_zeroinit                 0x08003e30   Section       14  handlers.o(i.__scatterload_zeroinit)
    i.free                                   0x08003e40   Section        0  malloc.o(i.free)
    i.main                                   0x08003e90   Section        0  main.o(i.main)
    i.malloc                                 0x08003eac   Section        0  malloc.o(i.malloc)
    .constdata                               0x08003f18   Section       64  system_stm32l4xx.o(.constdata)
    .constdata                               0x08003f58   Section        8  system_stm32l4xx.o(.constdata)
    .conststring                             0x08003f60   Section       26  main.o(.conststring)
    .conststring                             0x08003f7c   Section       26  main.o(.conststring)
    .conststring                             0x08003f98   Section        4  usbh_cdc.o(.conststring)
    .data                                    0x20000000   Section        4  main.o(.data)
    .data                                    0x20000004   Section        4  main.o(.data)
    .data                                    0x20000008   Section        4  main.o(.data)
    .data                                    0x2000000c   Section        1  usb_host.o(.data)
    .data                                    0x20000010   Section        4  stm32l4xx_ll_usb.o(.data)
    tmpreg                                   0x20000010   Data           4  stm32l4xx_ll_usb.o(.data)
    .data                                    0x20000014   Section        4  stm32l4xx_hal.o(.data)
    .data                                    0x20000018   Section        4  system_stm32l4xx.o(.data)
    .data                                    0x2000001c   Section       32  usbh_cdc.o(.data)
    .data                                    0x2000003c   Section        4  mvars.o(.data)
    .data                                    0x20000040   Section        4  mvars.o(.data)
    .bss                                     0x20000044   Section      120  main.o(.bss)
    .bss                                     0x200000bc   Section      972  usb_host.o(.bss)
    .bss                                     0x20000488   Section      708  usbh_conf.o(.bss)
    HEAP                                     0x20000750   Section      512  startup_stm32l476xx.o(HEAP)
    STACK                                    0x20000950   Section     1024  startup_stm32l476xx.o(STACK)

    Global Symbols

    Symbol Name                              Value     Ov Type        Size  Object(Section)

    BuildAttributes$$THM_ISAv4$E$P$D$K$B$S$7EM$VFPi3$EXTD16$VFPS$VFMA$PE$A:L22UL41UL21$X:L11$S22US41US21$IEEE1$IW$USESV6$~STKCKD$USESV7$~SHL$OSPACE$EBA8$MICROLIB$REQ8$PRES8$EABIv2 0x00000000   Number         0  anon$$obj.o ABSOLUTE
    __ARM_use_no_argv                        0x00000000   Number         0  main.o ABSOLUTE
    __cpp_initialize__aeabi_                  - Undefined Weak Reference
    __cxa_finalize                            - Undefined Weak Reference
    __decompress                              - Undefined Weak Reference
    _clock_init                               - Undefined Weak Reference
    _microlib_exit                            - Undefined Weak Reference
    __Vectors_Size                           0x00000188   Number         0  startup_stm32l476xx.o ABSOLUTE
    __Vectors                                0x08000000   Data           4  startup_stm32l476xx.o(RESET)
    __Vectors_End                            0x08000188   Data           0  startup_stm32l476xx.o(RESET)
    __main                                   0x08000189   Thumb Code     0  entry.o(.ARM.Collect$$$$00000000)
    _main_stk                                0x08000189   Thumb Code     0  entry2.o(.ARM.Collect$$$$00000001)
    _main_scatterload                        0x0800018d   Thumb Code     0  entry5.o(.ARM.Collect$$$$00000004)
    __main_after_scatterload                 0x08000191   Thumb Code     0  entry5.o(.ARM.Collect$$$$00000004)
    _main_clock                              0x08000191   Thumb Code     0  entry7b.o(.ARM.Collect$$$$00000008)
    _main_cpp_init                           0x08000191   Thumb Code     0  entry8b.o(.ARM.Collect$$$$0000000A)
    _main_init                               0x08000191   Thumb Code     0  entry9a.o(.ARM.Collect$$$$0000000B)
    __rt_final_cpp                           0x08000199   Thumb Code     0  entry10a.o(.ARM.Collect$$$$0000000D)
    __rt_final_exit                          0x08000199   Thumb Code     0  entry11a.o(.ARM.Collect$$$$0000000F)
    Reset_Handler                            0x0800019d   Thumb Code     8  startup_stm32l476xx.o(.text)
    ADC1_2_IRQHandler                        0x080001b7   Thumb Code     0  startup_stm32l476xx.o(.text)
    ADC3_IRQHandler                          0x080001b7   Thumb Code     0  startup_stm32l476xx.o(.text)
    CAN1_RX0_IRQHandler                      0x080001b7   Thumb Code     0  startup_stm32l476xx.o(.text)
    CAN1_RX1_IRQHandler                      0x080001b7   Thumb Code     0  startup_stm32l476xx.o(.text)
    CAN1_SCE_IRQHandler                      0x080001b7   Thumb Code     0  startup_stm32l476xx.o(.text)
    CAN1_TX_IRQHandler                       0x080001b7   Thumb Code     0  startup_stm32l476xx.o(.text)
    COMP_IRQHandler                          0x080001b7   Thumb Code     0  startup_stm32l476xx.o(.text)
    DFSDM1_FLT0_IRQHandler                   0x080001b7   Thumb Code     0  startup_stm32l476xx.o(.text)
    DFSDM1_FLT1_IRQHandler                   0x080001b7   Thumb Code     0  startup_stm32l476xx.o(.text)
    DFSDM1_FLT2_IRQHandler                   0x080001b7   Thumb Code     0  startup_stm32l476xx.o(.text)
    DFSDM1_FLT3_IRQHandler                   0x080001b7   Thumb Code     0  startup_stm32l476xx.o(.text)
    DMA1_Channel1_IRQHandler                 0x080001b7   Thumb Code     0  startup_stm32l476xx.o(.text)
    DMA1_Channel2_IRQHandler                 0x080001b7   Thumb Code     0  startup_stm32l476xx.o(.text)
    DMA1_Channel3_IRQHandler                 0x080001b7   Thumb Code     0  startup_stm32l476xx.o(.text)
    DMA1_Channel4_IRQHandler                 0x080001b7   Thumb Code     0  startup_stm32l476xx.o(.text)
    DMA1_Channel5_IRQHandler                 0x080001b7   Thumb Code     0  startup_stm32l476xx.o(.text)
    DMA1_Channel6_IRQHandler                 0x080001b7   Thumb Code     0  startup_stm32l476xx.o(.text)
    DMA1_Channel7_IRQHandler                 0x080001b7   Thumb Code     0  startup_stm32l476xx.o(.text)
    DMA2_Channel1_IRQHandler                 0x080001b7   Thumb Code     0  startup_stm32l476xx.o(.text)
    DMA2_Channel2_IRQHandler                 0x080001b7   Thumb Code     0  startup_stm32l476xx.o(.text)
    DMA2_Channel3_IRQHandler                 0x080001b7   Thumb Code     0  startup_stm32l476xx.o(.text)
    DMA2_Channel4_IRQHandler                 0x080001b7   Thumb Code     0  startup_stm32l476xx.o(.text)
    DMA2_Channel5_IRQHandler                 0x080001b7   Thumb Code     0  startup_stm32l476xx.o(.text)
    DMA2_Channel6_IRQHandler                 0x080001b7   Thumb Code     0  startup_stm32l476xx.o(.text)
    DMA2_Channel7_IRQHandler                 0x080001b7   Thumb Code     0  startup_stm32l476xx.o(.text)
    EXTI15_10_IRQHandler                     0x080001b7   Thumb Code     0  startup_stm32l476xx.o(.text)
    EXTI1_IRQHandler                         0x080001b7   Thumb Code     0  startup_stm32l476xx.o(.text)
    EXTI2_IRQHandler                         0x080001b7   Thumb Code     0  startup_stm32l476xx.o(.text)
    EXTI3_IRQHandler                         0x080001b7   Thumb Code     0  startup_stm32l476xx.o(.text)
    EXTI4_IRQHandler                         0x080001b7   Thumb Code     0  startup_stm32l476xx.o(.text)
    EXTI9_5_IRQHandler                       0x080001b7   Thumb Code     0  startup_stm32l476xx.o(.text)
    FLASH_IRQHandler                         0x080001b7   Thumb Code     0  startup_stm32l476xx.o(.text)
    FMC_IRQHandler                           0x080001b7   Thumb Code     0  startup_stm32l476xx.o(.text)
    FPU_IRQHandler                           0x080001b7   Thumb Code     0  startup_stm32l476xx.o(.text)
    I2C1_ER_IRQHandler                       0x080001b7   Thumb Code     0  startup_stm32l476xx.o(.text)
    I2C1_EV_IRQHandler                       0x080001b7   Thumb Code     0  startup_stm32l476xx.o(.text)
    I2C2_ER_IRQHandler                       0x080001b7   Thumb Code     0  startup_stm32l476xx.o(.text)
    I2C2_EV_IRQHandler                       0x080001b7   Thumb Code     0  startup_stm32l476xx.o(.text)
    I2C3_ER_IRQHandler                       0x080001b7   Thumb Code     0  startup_stm32l476xx.o(.text)
    I2C3_EV_IRQHandler                       0x080001b7   Thumb Code     0  startup_stm32l476xx.o(.text)
    LCD_IRQHandler                           0x080001b7   Thumb Code     0  startup_stm32l476xx.o(.text)
    LPTIM1_IRQHandler                        0x080001b7   Thumb Code     0  startup_stm32l476xx.o(.text)
    LPTIM2_IRQHandler                        0x080001b7   Thumb Code     0  startup_stm32l476xx.o(.text)
    LPUART1_IRQHandler                       0x080001b7   Thumb Code     0  startup_stm32l476xx.o(.text)
    PVD_PVM_IRQHandler                       0x080001b7   Thumb Code     0  startup_stm32l476xx.o(.text)
    QUADSPI_IRQHandler                       0x080001b7   Thumb Code     0  startup_stm32l476xx.o(.text)
    RCC_IRQHandler                           0x080001b7   Thumb Code     0  startup_stm32l476xx.o(.text)
    RNG_IRQHandler                           0x080001b7   Thumb Code     0  startup_stm32l476xx.o(.text)
    RTC_Alarm_IRQHandler                     0x080001b7   Thumb Code     0  startup_stm32l476xx.o(.text)
    RTC_WKUP_IRQHandler                      0x080001b7   Thumb Code     0  startup_stm32l476xx.o(.text)
    SAI1_IRQHandler                          0x080001b7   Thumb Code     0  startup_stm32l476xx.o(.text)
    SAI2_IRQHandler                          0x080001b7   Thumb Code     0  startup_stm32l476xx.o(.text)
    SDMMC1_IRQHandler                        0x080001b7   Thumb Code     0  startup_stm32l476xx.o(.text)
    SPI1_IRQHandler                          0x080001b7   Thumb Code     0  startup_stm32l476xx.o(.text)
    SPI2_IRQHandler                          0x080001b7   Thumb Code     0  startup_stm32l476xx.o(.text)
    SPI3_IRQHandler                          0x080001b7   Thumb Code     0  startup_stm32l476xx.o(.text)
    SWPMI1_IRQHandler                        0x080001b7   Thumb Code     0  startup_stm32l476xx.o(.text)
    TAMP_STAMP_IRQHandler                    0x080001b7   Thumb Code     0  startup_stm32l476xx.o(.text)
    TIM1_BRK_TIM15_IRQHandler                0x080001b7   Thumb Code     0  startup_stm32l476xx.o(.text)
    TIM1_CC_IRQHandler                       0x080001b7   Thumb Code     0  startup_stm32l476xx.o(.text)
    TIM1_TRG_COM_TIM17_IRQHandler            0x080001b7   Thumb Code     0  startup_stm32l476xx.o(.text)
    TIM1_UP_TIM16_IRQHandler                 0x080001b7   Thumb Code     0  startup_stm32l476xx.o(.text)
    TIM2_IRQHandler                          0x080001b7   Thumb Code     0  startup_stm32l476xx.o(.text)
    TIM3_IRQHandler                          0x080001b7   Thumb Code     0  startup_stm32l476xx.o(.text)
    TIM4_IRQHandler                          0x080001b7   Thumb Code     0  startup_stm32l476xx.o(.text)
    TIM5_IRQHandler                          0x080001b7   Thumb Code     0  startup_stm32l476xx.o(.text)
    TIM6_DAC_IRQHandler                      0x080001b7   Thumb Code     0  startup_stm32l476xx.o(.text)
    TIM7_IRQHandler                          0x080001b7   Thumb Code     0  startup_stm32l476xx.o(.text)
    TIM8_BRK_IRQHandler                      0x080001b7   Thumb Code     0  startup_stm32l476xx.o(.text)
    TIM8_CC_IRQHandler                       0x080001b7   Thumb Code     0  startup_stm32l476xx.o(.text)
    TIM8_TRG_COM_IRQHandler                  0x080001b7   Thumb Code     0  startup_stm32l476xx.o(.text)
    TIM8_UP_IRQHandler                       0x080001b7   Thumb Code     0  startup_stm32l476xx.o(.text)
    TSC_IRQHandler                           0x080001b7   Thumb Code     0  startup_stm32l476xx.o(.text)
    UART4_IRQHandler                         0x080001b7   Thumb Code     0  startup_stm32l476xx.o(.text)
    UART5_IRQHandler                         0x080001b7   Thumb Code     0  startup_stm32l476xx.o(.text)
    USART1_IRQHandler                        0x080001b7   Thumb Code     0  startup_stm32l476xx.o(.text)
    USART3_IRQHandler                        0x080001b7   Thumb Code     0  startup_stm32l476xx.o(.text)
    WWDG_IRQHandler                          0x080001b7   Thumb Code     0  startup_stm32l476xx.o(.text)
    __aeabi_uldivmod                         0x080001c1   Thumb Code    98  uldiv.o(.text)
    __aeabi_memcpy                           0x08000229   Thumb Code    36  memcpya.o(.text)
    __aeabi_memcpy4                          0x08000229   Thumb Code     0  memcpya.o(.text)
    __aeabi_memcpy8                          0x08000229   Thumb Code     0  memcpya.o(.text)
    __aeabi_memset                           0x0800024d   Thumb Code    14  memseta.o(.text)
    __aeabi_memset4                          0x0800024d   Thumb Code     0  memseta.o(.text)
    __aeabi_memset8                          0x0800024d   Thumb Code     0  memseta.o(.text)
    __aeabi_memclr                           0x0800025b   Thumb Code     4  memseta.o(.text)
    __aeabi_memclr4                          0x0800025b   Thumb Code     0  memseta.o(.text)
    __aeabi_memclr8                          0x0800025b   Thumb Code     0  memseta.o(.text)
    _memset$wrapper                          0x0800025f   Thumb Code    18  memseta.o(.text)
    strlen                                   0x08000271   Thumb Code    14  strlen.o(.text)
    __aeabi_llsl                             0x0800027f   Thumb Code    30  llshl.o(.text)
    _ll_shift_l                              0x0800027f   Thumb Code     0  llshl.o(.text)
    __aeabi_llsr                             0x0800029d   Thumb Code    32  llushr.o(.text)
    _ll_ushift_r                             0x0800029d   Thumb Code     0  llushr.o(.text)
    __scatterload                            0x080002bd   Thumb Code    28  init.o(.text)
    __scatterload_rt2                        0x080002bd   Thumb Code     0  init.o(.text)
    BusFault_Handler                         0x080002e1   Thumb Code     2  stm32l4xx_it.o(i.BusFault_Handler)
    DebugMon_Handler                         0x08000409   Thumb Code     2  stm32l4xx_it.o(i.DebugMon_Handler)
    EXTI0_IRQHandler                         0x0800040d   Thumb Code    76  stm32l4xx_it.o(i.EXTI0_IRQHandler)
    Error_Handler                            0x08000469   Thumb Code     2  main.o(i.Error_Handler)
    HAL_DMA_Abort_IT                         0x08000481   Thumb Code    78  stm32l4xx_hal_dma.o(i.HAL_DMA_Abort_IT)
    HAL_Delay                                0x080004cf   Thumb Code    28  stm32l4xx_hal.o(i.HAL_Delay)
    HAL_GPIO_EXTI_Callback                   0x080004eb   Thumb Code     2  stm32l4xx_hal_gpio.o(i.HAL_GPIO_EXTI_Callback)
    HAL_GPIO_EXTI_IRQHandler                 0x080004ed   Thumb Code    18  stm32l4xx_hal_gpio.o(i.HAL_GPIO_EXTI_IRQHandler)
    HAL_GPIO_Init                            0x08000505   Thumb Code   414  stm32l4xx_hal_gpio.o(i.HAL_GPIO_Init)
    HAL_GPIO_WritePin                        0x080006cf   Thumb Code    10  stm32l4xx_hal_gpio.o(i.HAL_GPIO_WritePin)
    HAL_GetTick                              0x080006d9   Thumb Code     6  stm32l4xx_hal.o(i.HAL_GetTick)
    HAL_HCD_Connect_Callback                 0x080006e5   Thumb Code     8  usbh_conf.o(i.HAL_HCD_Connect_Callback)
    HAL_HCD_Disconnect_Callback              0x080006ed   Thumb Code     8  usbh_conf.o(i.HAL_HCD_Disconnect_Callback)
    HAL_HCD_GetCurrentFrame                  0x080006f5   Thumb Code     6  stm32l4xx_hal_hcd.o(i.HAL_HCD_GetCurrentFrame)
    HAL_HCD_GetCurrentSpeed                  0x080006fb   Thumb Code     6  stm32l4xx_hal_hcd.o(i.HAL_HCD_GetCurrentSpeed)
    HAL_HCD_HC_GetURBState                   0x08000701   Thumb Code    14  stm32l4xx_hal_hcd.o(i.HAL_HCD_HC_GetURBState)
    HAL_HCD_HC_GetXferCount                  0x0800070f   Thumb Code    12  stm32l4xx_hal_hcd.o(i.HAL_HCD_HC_GetXferCount)
    HAL_HCD_HC_Halt                          0x0800071b   Thumb Code    36  stm32l4xx_hal_hcd.o(i.HAL_HCD_HC_Halt)
    HAL_HCD_HC_Init                          0x0800073f   Thumb Code   114  stm32l4xx_hal_hcd.o(i.HAL_HCD_HC_Init)
    HAL_HCD_HC_NotifyURBChange_Callback      0x080007b7   Thumb Code     2  usbh_conf.o(i.HAL_HCD_HC_NotifyURBChange_Callback)
    HAL_HCD_HC_SubmitRequest                 0x080007b9   Thumb Code   140  stm32l4xx_hal_hcd.o(i.HAL_HCD_HC_SubmitRequest)
    HAL_HCD_IRQHandler                       0x08000845   Thumb Code   306  stm32l4xx_hal_hcd.o(i.HAL_HCD_IRQHandler)
    HAL_HCD_Init                             0x08000977   Thumb Code   104  stm32l4xx_hal_hcd.o(i.HAL_HCD_Init)
    HAL_HCD_MspInit                          0x080009e1   Thumb Code   122  usbh_conf.o(i.HAL_HCD_MspInit)
    HAL_HCD_PortDisabled_Callback            0x08000a61   Thumb Code     8  usbh_conf.o(i.HAL_HCD_PortDisabled_Callback)
    HAL_HCD_PortEnabled_Callback             0x08000a69   Thumb Code     8  usbh_conf.o(i.HAL_HCD_PortEnabled_Callback)
    HAL_HCD_ResetPort                        0x08000a71   Thumb Code     6  stm32l4xx_hal_hcd.o(i.HAL_HCD_ResetPort)
    HAL_HCD_SOF_Callback                     0x08000a77   Thumb Code     8  usbh_conf.o(i.HAL_HCD_SOF_Callback)
    HAL_HCD_Start                            0x08000a7f   Thumb Code    44  stm32l4xx_hal_hcd.o(i.HAL_HCD_Start)
    HAL_HCD_Stop                             0x08000aab   Thumb Code    36  stm32l4xx_hal_hcd.o(i.HAL_HCD_Stop)
    HAL_IncTick                              0x08000ad1   Thumb Code    10  stm32l4xx_hal.o(i.HAL_IncTick)
    HAL_Init                                 0x08000ae1   Thumb Code    40  stm32l4xx_hal.o(i.HAL_Init)
    HAL_InitTick                             0x08000b0d   Thumb Code    42  stm32l4xx_hal.o(i.HAL_InitTick)
    HAL_MspInit                              0x08000b3d   Thumb Code    38  stm32l4xx_hal_msp.o(i.HAL_MspInit)
    HAL_NVIC_EnableIRQ                       0x08000b69   Thumb Code    22  stm32l4xx_hal_cortex.o(i.HAL_NVIC_EnableIRQ)
    HAL_NVIC_SetPriority                     0x08000b81   Thumb Code    60  stm32l4xx_hal_cortex.o(i.HAL_NVIC_SetPriority)
    HAL_NVIC_SetPriorityGrouping             0x08000bc1   Thumb Code    26  stm32l4xx_hal_cortex.o(i.HAL_NVIC_SetPriorityGrouping)
    HAL_PWREx_ControlVoltageScaling          0x08000be5   Thumb Code    90  stm32l4xx_hal_pwr_ex.o(i.HAL_PWREx_ControlVoltageScaling)
    HAL_PWREx_EnableVddUSB                   0x08000c4d   Thumb Code    12  stm32l4xx_hal_pwr_ex.o(i.HAL_PWREx_EnableVddUSB)
    HAL_PWREx_GetVoltageRange                0x08000c5d   Thumb Code    10  stm32l4xx_hal_pwr_ex.o(i.HAL_PWREx_GetVoltageRange)
    HAL_RCCEx_PeriphCLKConfig                0x08000c6d   Thumb Code   928  stm32l4xx_hal_rcc_ex.o(i.HAL_RCCEx_PeriphCLKConfig)
    HAL_RCC_ClockConfig                      0x0800101d   Thumb Code   264  stm32l4xx_hal_rcc.o(i.HAL_RCC_ClockConfig)
    HAL_RCC_GetPCLK1Freq                     0x08001135   Thumb Code    24  stm32l4xx_hal_rcc.o(i.HAL_RCC_GetPCLK1Freq)
    HAL_RCC_GetPCLK2Freq                     0x08001159   Thumb Code    24  stm32l4xx_hal_rcc.o(i.HAL_RCC_GetPCLK2Freq)
    HAL_RCC_GetSysClockFreq                  0x0800117d   Thumb Code   152  stm32l4xx_hal_rcc.o(i.HAL_RCC_GetSysClockFreq)
    HAL_RCC_OscConfig                        0x08001221   Thumb Code  1118  stm32l4xx_hal_rcc.o(i.HAL_RCC_OscConfig)
    HAL_SYSTICK_Config                       0x08001685   Thumb Code    40  stm32l4xx_hal_cortex.o(i.HAL_SYSTICK_Config)
    HAL_UARTEx_WakeupCallback                0x080016ad   Thumb Code     2  stm32l4xx_hal_uart_ex.o(i.HAL_UARTEx_WakeupCallback)
    HAL_UART_ErrorCallback                   0x080016af   Thumb Code     2  stm32l4xx_hal_uart.o(i.HAL_UART_ErrorCallback)
    HAL_UART_IRQHandler                      0x080016b1   Thumb Code   320  stm32l4xx_hal_uart.o(i.HAL_UART_IRQHandler)
    HAL_UART_Init                            0x080017f5   Thumb Code   106  stm32l4xx_hal_uart.o(i.HAL_UART_Init)
    HAL_UART_MspInit                         0x08001861   Thumb Code   104  stm32l4xx_hal_msp.o(i.HAL_UART_MspInit)
    HAL_UART_Transmit                        0x080018d5   Thumb Code   176  stm32l4xx_hal_uart.o(i.HAL_UART_Transmit)
    HAL_UART_TxCpltCallback                  0x08001985   Thumb Code     2  stm32l4xx_hal_uart.o(i.HAL_UART_TxCpltCallback)
    HardFault_Handler                        0x08001f21   Thumb Code     2  stm32l4xx_it.o(i.HardFault_Handler)
    MX_DriverVbusFS                          0x08001f25   Thumb Code    18  usbh_platform.o(i.MX_DriverVbusFS)
    MX_USB_HOST_Init                         0x0800223d   Thumb Code    30  usb_host.o(i.MX_USB_HOST_Init)
    MX_USB_HOST_Process                      0x08002269   Thumb Code     6  usb_host.o(i.MX_USB_HOST_Process)
    MemManage_Handler                        0x08002275   Thumb Code     2  stm32l4xx_it.o(i.MemManage_Handler)
    NMI_Handler                              0x08002277   Thumb Code     2  stm32l4xx_it.o(i.NMI_Handler)
    OTG_FS_IRQHandler                        0x08002299   Thumb Code     6  stm32l4xx_it.o(i.OTG_FS_IRQHandler)
    PendSV_Handler                           0x080022a5   Thumb Code     2  stm32l4xx_it.o(i.PendSV_Handler)
    SVC_Handler                              0x08002559   Thumb Code     2  stm32l4xx_it.o(i.SVC_Handler)
    SysTick_Handler                          0x0800255b   Thumb Code     4  stm32l4xx_it.o(i.SysTick_Handler)
    SystemClock_Config                       0x0800255f   Thumb Code   138  main.o(i.SystemClock_Config)
    SystemInit                               0x080025e9   Thumb Code    56  system_stm32l4xx.o(i.SystemInit)
    UART_AdvFeatureConfig                    0x0800262d   Thumb Code   200  stm32l4xx_hal_uart.o(i.UART_AdvFeatureConfig)
    UART_CheckIdleState                      0x080026f5   Thumb Code    92  stm32l4xx_hal_uart.o(i.UART_CheckIdleState)
    UART_SetConfig                           0x08002785   Thumb Code   622  stm32l4xx_hal_uart.o(i.UART_SetConfig)
    UART_WaitOnFlagUntilTimeout              0x08002a25   Thumb Code   100  stm32l4xx_hal_uart.o(i.UART_WaitOnFlagUntilTimeout)
    USART2_IRQHandler                        0x08002a89   Thumb Code     6  stm32l4xx_it.o(i.USART2_IRQHandler)
    USBH_AllocPipe                           0x08002a95   Thumb Code    52  usbh_pipes.o(i.USBH_AllocPipe)
    USBH_BulkReceiveData                     0x08002ac9   Thumb Code    32  usbh_ioreq.o(i.USBH_BulkReceiveData)
    USBH_BulkSendData                        0x08002ae9   Thumb Code    40  usbh_ioreq.o(i.USBH_BulkSendData)
    USBH_CDC_LineCodingChanged               0x08002cc7   Thumb Code     2  usbh_cdc.o(i.USBH_CDC_LineCodingChanged)
    USBH_CDC_ReceiveCallback                 0x08002d81   Thumb Code     2  usbh_cdc.o(i.USBH_CDC_ReceiveCallback)
    USBH_CDC_TransmitCallback                0x08002d87   Thumb Code     2  usbh_cdc.o(i.USBH_CDC_TransmitCallback)
    USBH_ClosePipe                           0x08002d89   Thumb Code    10  usbh_pipes.o(i.USBH_ClosePipe)
    USBH_ClrFeature                          0x08002d93   Thumb Code    30  usbh_ctlreq.o(i.USBH_ClrFeature)
    USBH_CtlReceiveData                      0x08002db1   Thumb Code    30  usbh_ioreq.o(i.USBH_CtlReceiveData)
    USBH_CtlReq                              0x08002dcf   Thumb Code    58  usbh_ctlreq.o(i.USBH_CtlReq)
    USBH_CtlSendData                         0x08002e09   Thumb Code    40  usbh_ioreq.o(i.USBH_CtlSendData)
    USBH_CtlSendSetup                        0x08002e31   Thumb Code    30  usbh_ioreq.o(i.USBH_CtlSendSetup)
    USBH_Delay                               0x08002e4f   Thumb Code     4  usbh_conf.o(i.USBH_Delay)
    USBH_FindInterface                       0x08002e55   Thumb Code    68  usbh_core.o(i.USBH_FindInterface)
    USBH_FreePipe                            0x08002e99   Thumb Code    24  usbh_pipes.o(i.USBH_FreePipe)
    USBH_GetDescriptor                       0x08002eb1   Thumb Code    52  usbh_ctlreq.o(i.USBH_GetDescriptor)
    USBH_GetNextDesc                         0x08002ee5   Thumb Code    14  usbh_ctlreq.o(i.USBH_GetNextDesc)
    USBH_Get_CfgDesc                         0x08002ef3   Thumb Code    44  usbh_ctlreq.o(i.USBH_Get_CfgDesc)
    USBH_Get_DevDesc                         0x08002f1f   Thumb Code   144  usbh_ctlreq.o(i.USBH_Get_DevDesc)
    USBH_Get_StringDesc                      0x08002faf   Thumb Code    72  usbh_ctlreq.o(i.USBH_Get_StringDesc)
    USBH_Init                                0x08003279   Thumb Code    48  usbh_core.o(i.USBH_Init)
    USBH_LL_ClosePipe                        0x080032a9   Thumb Code    32  usbh_conf.o(i.USBH_LL_ClosePipe)
    USBH_LL_Connect                          0x080032c9   Thumb Code    42  usbh_core.o(i.USBH_LL_Connect)
    USBH_LL_Disconnect                       0x080032f3   Thumb Code    56  usbh_core.o(i.USBH_LL_Disconnect)
    USBH_LL_DriverVBUS                       0x0800332b   Thumb Code    26  usbh_conf.o(i.USBH_LL_DriverVBUS)
    USBH_LL_GetLastXferSize                  0x08003345   Thumb Code     8  usbh_conf.o(i.USBH_LL_GetLastXferSize)
    USBH_LL_GetSpeed                         0x0800334d   Thumb Code    34  usbh_conf.o(i.USBH_LL_GetSpeed)
    USBH_LL_GetURBState                      0x0800336f   Thumb Code     8  usbh_conf.o(i.USBH_LL_GetURBState)
    USBH_LL_IncTimer                         0x08003377   Thumb Code    30  usbh_core.o(i.USBH_LL_IncTimer)
    USBH_LL_Init                             0x08003395   Thumb Code    74  usbh_conf.o(i.USBH_LL_Init)
    USBH_LL_OpenPipe                         0x080033e5   Thumb Code    42  usbh_conf.o(i.USBH_LL_OpenPipe)
    USBH_LL_PortDisabled                     0x0800340f   Thumb Code     8  usbh_core.o(i.USBH_LL_PortDisabled)
    USBH_LL_PortEnabled                      0x08003417   Thumb Code     8  usbh_core.o(i.USBH_LL_PortEnabled)
    USBH_LL_ResetPort                        0x0800341f   Thumb Code    32  usbh_conf.o(i.USBH_LL_ResetPort)
    USBH_LL_SetTimer                         0x0800343f   Thumb Code     6  usbh_core.o(i.USBH_LL_SetTimer)
    USBH_LL_SetToggle                        0x08003445   Thumb Code    32  usbh_conf.o(i.USBH_LL_SetToggle)
    USBH_LL_Start                            0x08003465   Thumb Code    32  usbh_conf.o(i.USBH_LL_Start)
    USBH_LL_Stop                             0x08003485   Thumb Code    32  usbh_conf.o(i.USBH_LL_Stop)
    USBH_LL_SubmitURB                        0x080034a5   Thumb Code    48  usbh_conf.o(i.USBH_LL_SubmitURB)
    USBH_OpenPipe                            0x080034d5   Thumb Code    20  usbh_pipes.o(i.USBH_OpenPipe)
    USBH_Process                             0x080035c5   Thumb Code   416  usbh_core.o(i.USBH_Process)
    USBH_RegisterClass                       0x08003765   Thumb Code    28  usbh_core.o(i.USBH_RegisterClass)
    USBH_SelectInterface                     0x08003781   Thumb Code    22  usbh_core.o(i.USBH_SelectInterface)
    USBH_SetAddress                          0x08003797   Thumb Code    28  usbh_ctlreq.o(i.USBH_SetAddress)
    USBH_SetCfg                              0x080037b3   Thumb Code    28  usbh_ctlreq.o(i.USBH_SetCfg)
    USBH_SetFeature                          0x080037cf   Thumb Code    28  usbh_ctlreq.o(i.USBH_SetFeature)
    USBH_Start                               0x080037eb   Thumb Code    20  usbh_core.o(i.USBH_Start)
    USB_CoreInit                             0x08003821   Thumb Code    80  stm32l4xx_ll_usb.o(i.USB_CoreInit)
    USB_DisableGlobalInt                     0x080038ad   Thumb Code    12  stm32l4xx_ll_usb.o(i.USB_DisableGlobalInt)
    USB_DriveVbus                            0x080038b9   Thumb Code    44  stm32l4xx_ll_usb.o(i.USB_DriveVbus)
    USB_EnableGlobalInt                      0x080038e5   Thumb Code    12  stm32l4xx_ll_usb.o(i.USB_EnableGlobalInt)
    USB_FlushRxFifo                          0x080038f1   Thumb Code    28  stm32l4xx_ll_usb.o(i.USB_FlushRxFifo)
    USB_FlushTxFifo                          0x08003911   Thumb Code    32  stm32l4xx_ll_usb.o(i.USB_FlushTxFifo)
    USB_GetCurrentFrame                      0x08003935   Thumb Code     8  stm32l4xx_ll_usb.o(i.USB_GetCurrentFrame)
    USB_GetHostSpeed                         0x0800393d   Thumb Code    14  stm32l4xx_ll_usb.o(i.USB_GetHostSpeed)
    USB_GetMode                              0x0800394b   Thumb Code     8  stm32l4xx_ll_usb.o(i.USB_GetMode)
    USB_HC_Halt                              0x08003953   Thumb Code   194  stm32l4xx_ll_usb.o(i.USB_HC_Halt)
    USB_HC_Init                              0x08003a15   Thumb Code   216  stm32l4xx_ll_usb.o(i.USB_HC_Init)
    USB_HC_ReadInterrupt                     0x08003aed   Thumb Code     8  stm32l4xx_ll_usb.o(i.USB_HC_ReadInterrupt)
    USB_HC_StartXfer                         0x08003af5   Thumb Code   260  stm32l4xx_ll_usb.o(i.USB_HC_StartXfer)
    USB_HostInit                             0x08003bfd   Thumb Code   178  stm32l4xx_ll_usb.o(i.USB_HostInit)
    USB_InitFSLSPClkSel                      0x08003cc5   Thumb Code    54  stm32l4xx_ll_usb.o(i.USB_InitFSLSPClkSel)
    USB_ReadInterrupts                       0x08003cfb   Thumb Code     8  stm32l4xx_ll_usb.o(i.USB_ReadInterrupts)
    USB_ReadPacket                           0x08003d03   Thumb Code    28  stm32l4xx_ll_usb.o(i.USB_ReadPacket)
    USB_ResetPort                            0x08003d1f   Thumb Code    50  stm32l4xx_ll_usb.o(i.USB_ResetPort)
    USB_SetCurrentMode                       0x08003d51   Thumb Code    46  stm32l4xx_ll_usb.o(i.USB_SetCurrentMode)
    USB_StopHost                             0x08003d81   Thumb Code   126  stm32l4xx_ll_usb.o(i.USB_StopHost)
    USB_WritePacket                          0x08003dff   Thumb Code    32  stm32l4xx_ll_usb.o(i.USB_WritePacket)
    UsageFault_Handler                       0x08003e1f   Thumb Code     2  stm32l4xx_it.o(i.UsageFault_Handler)
    __scatterload_copy                       0x08003e21   Thumb Code    14  handlers.o(i.__scatterload_copy)
    __scatterload_null                       0x08003e2f   Thumb Code     2  handlers.o(i.__scatterload_null)
    __scatterload_zeroinit                   0x08003e31   Thumb Code    14  handlers.o(i.__scatterload_zeroinit)
    free                                     0x08003e41   Thumb Code    76  malloc.o(i.free)
    main                                     0x08003e91   Thumb Code    26  main.o(i.main)
    malloc                                   0x08003ead   Thumb Code    92  malloc.o(i.malloc)
    AHBPrescTable                            0x08003f18   Data          16  system_stm32l4xx.o(.constdata)
    MSIRangeTable                            0x08003f28   Data          48  system_stm32l4xx.o(.constdata)
    APBPrescTable                            0x08003f58   Data           8  system_stm32l4xx.o(.constdata)
    Region$$Table$$Base                      0x08003f9c   Number         0  anon$$obj.o(Region$$Table)
    Region$$Table$$Limit                     0x08003fbc   Number         0  anon$$obj.o(Region$$Table)
    msg1                                     0x20000000   Data           4  main.o(.data)
    msg2                                     0x20000004   Data           4  main.o(.data)
    msg3                                     0x20000008   Data           4  main.o(.data)
    Appli_state                              0x2000000c   Data           1  usb_host.o(.data)
    uwTick                                   0x20000014   Data           4  stm32l4xx_hal.o(.data)
    SystemCoreClock                          0x20000018   Data           4  system_stm32l4xx.o(.data)
    CDC_Class                                0x2000001c   Data          32  usbh_cdc.o(.data)
    __microlib_freelist                      0x2000003c   Data           4  mvars.o(.data)
    __microlib_freelist_initialised          0x20000040   Data           4  mvars.o(.data)
    huart2                                   0x20000044   Data         120  main.o(.bss)
    hUsbHostFS                               0x200000bc   Data         972  usb_host.o(.bss)
    hhcd_USB_OTG_FS                          0x20000488   Data         708  usbh_conf.o(.bss)
    __heap_base                              0x20000750   Data           0  startup_stm32l476xx.o(HEAP)
    __heap_limit                             0x20000950   Data           0  startup_stm32l476xx.o(HEAP)
    __initial_sp                             0x20000d50   Data           0  startup_stm32l476xx.o(STACK)



==============================================================================

Memory Map of the image

  Image Entry point : 0x08000189

  Load Region LR_IROM1 (Base: 0x08000000, Size: 0x00004000, Max: 0x00100000, ABSOLUTE)

    Execution Region ER_IROM1 (Exec base: 0x08000000, Load base: 0x08000000, Size: 0x00003fbc, Max: 0x00100000, ABSOLUTE)

    Exec Addr    Load Addr    Size         Type   Attr      Idx    E Section Name        Object

    0x08000000   0x08000000   0x00000188   Data   RO            3    RESET               startup_stm32l476xx.o
    0x08000188   0x08000188   0x00000000   Code   RO         3857  * .ARM.Collect$$$$00000000  mc_w.l(entry.o)
    0x08000188   0x08000188   0x00000004   Code   RO         3898    .ARM.Collect$$$$00000001  mc_w.l(entry2.o)
    0x0800018c   0x0800018c   0x00000004   Code   RO         3901    .ARM.Collect$$$$00000004  mc_w.l(entry5.o)
    0x08000190   0x08000190   0x00000000   Code   RO         3903    .ARM.Collect$$$$00000008  mc_w.l(entry7b.o)
    0x08000190   0x08000190   0x00000000   Code   RO         3905    .ARM.Collect$$$$0000000A  mc_w.l(entry8b.o)
    0x08000190   0x08000190   0x00000008   Code   RO         3906    .ARM.Collect$$$$0000000B  mc_w.l(entry9a.o)
    0x08000198   0x08000198   0x00000000   Code   RO         3908    .ARM.Collect$$$$0000000D  mc_w.l(entry10a.o)
    0x08000198   0x08000198   0x00000000   Code   RO         3910    .ARM.Collect$$$$0000000F  mc_w.l(entry11a.o)
    0x08000198   0x08000198   0x00000004   Code   RO         3899    .ARM.Collect$$$$00002712  mc_w.l(entry2.o)
    0x0800019c   0x0800019c   0x00000024   Code   RO            4    .text               startup_stm32l476xx.o
    0x080001c0   0x080001c0   0x00000068   Code   RO         3860    .text               mc_w.l(uldiv.o)
    0x08000228   0x08000228   0x00000024   Code   RO         3862    .text               mc_w.l(memcpya.o)
    0x0800024c   0x0800024c   0x00000024   Code   RO         3864    .text               mc_w.l(memseta.o)
    0x08000270   0x08000270   0x0000000e   Code   RO         3866    .text               mc_w.l(strlen.o)
    0x0800027e   0x0800027e   0x0000001e   Code   RO         3912    .text               mc_w.l(llshl.o)
    0x0800029c   0x0800029c   0x00000020   Code   RO         3914    .text               mc_w.l(llushr.o)
    0x080002bc   0x080002bc   0x00000024   Code   RO         3918    .text               mc_w.l(init.o)
    0x080002e0   0x080002e0   0x00000002   Code   RO          445    i.BusFault_Handler  stm32l4xx_it.o
    0x080002e2   0x080002e2   0x00000002   PAD
    0x080002e4   0x080002e4   0x00000068   Code   RO         3741    i.CDC_ProcessReception  usbh_cdc.o
    0x0800034c   0x0800034c   0x00000072   Code   RO         3742    i.CDC_ProcessTransmission  usbh_cdc.o
    0x080003be   0x080003be   0x00000002   PAD
    0x080003c0   0x080003c0   0x00000048   Code   RO         3399    i.DeInitStateMachine  usbh_core.o
    0x08000408   0x08000408   0x00000002   Code   RO          446    i.DebugMon_Handler  stm32l4xx_it.o
    0x0800040a   0x0800040a   0x00000002   PAD
    0x0800040c   0x0800040c   0x0000005c   Code   RO          447    i.EXTI0_IRQHandler  stm32l4xx_it.o
    0x08000468   0x08000468   0x00000002   Code   RO           13    i.Error_Handler     main.o
    0x0800046a   0x0800046a   0x00000016   Code   RO         3743    i.GetLineCoding     usbh_cdc.o
    0x08000480   0x08000480   0x0000004e   Code   RO         2755    i.HAL_DMA_Abort_IT  stm32l4xx_hal_dma.o
    0x080004ce   0x080004ce   0x0000001c   Code   RO         1511    i.HAL_Delay         stm32l4xx_hal.o
    0x080004ea   0x080004ea   0x00000002   Code   RO         2688    i.HAL_GPIO_EXTI_Callback  stm32l4xx_hal_gpio.o
    0x080004ec   0x080004ec   0x00000018   Code   RO         2689    i.HAL_GPIO_EXTI_IRQHandler  stm32l4xx_hal_gpio.o
    0x08000504   0x08000504   0x000001ca   Code   RO         2690    i.HAL_GPIO_Init     stm32l4xx_hal_gpio.o
    0x080006ce   0x080006ce   0x0000000a   Code   RO         2694    i.HAL_GPIO_WritePin  stm32l4xx_hal_gpio.o
    0x080006d8   0x080006d8   0x0000000c   Code   RO         1515    i.HAL_GetTick       stm32l4xx_hal.o
    0x080006e4   0x080006e4   0x00000008   Code   RO          246    i.HAL_HCD_Connect_Callback  usbh_conf.o
    0x080006ec   0x080006ec   0x00000008   Code   RO          247    i.HAL_HCD_Disconnect_Callback  usbh_conf.o
    0x080006f4   0x080006f4   0x00000006   Code   RO          578    i.HAL_HCD_GetCurrentFrame  stm32l4xx_hal_hcd.o
    0x080006fa   0x080006fa   0x00000006   Code   RO          579    i.HAL_HCD_GetCurrentSpeed  stm32l4xx_hal_hcd.o
    0x08000700   0x08000700   0x0000000e   Code   RO          582    i.HAL_HCD_HC_GetURBState  stm32l4xx_hal_hcd.o
    0x0800070e   0x0800070e   0x0000000c   Code   RO          583    i.HAL_HCD_HC_GetXferCount  stm32l4xx_hal_hcd.o
    0x0800071a   0x0800071a   0x00000024   Code   RO          584    i.HAL_HCD_HC_Halt   stm32l4xx_hal_hcd.o
    0x0800073e   0x0800073e   0x00000078   Code   RO          585    i.HAL_HCD_HC_Init   stm32l4xx_hal_hcd.o
    0x080007b6   0x080007b6   0x00000002   Code   RO          248    i.HAL_HCD_HC_NotifyURBChange_Callback  usbh_conf.o
    0x080007b8   0x080007b8   0x0000008c   Code   RO          587    i.HAL_HCD_HC_SubmitRequest  stm32l4xx_hal_hcd.o
    0x08000844   0x08000844   0x00000132   Code   RO          588    i.HAL_HCD_IRQHandler  stm32l4xx_hal_hcd.o
    0x08000976   0x08000976   0x00000068   Code   RO          589    i.HAL_HCD_Init      stm32l4xx_hal_hcd.o
    0x080009de   0x080009de   0x00000002   PAD
    0x080009e0   0x080009e0   0x00000080   Code   RO          250    i.HAL_HCD_MspInit   usbh_conf.o
    0x08000a60   0x08000a60   0x00000008   Code   RO          251    i.HAL_HCD_PortDisabled_Callback  usbh_conf.o
    0x08000a68   0x08000a68   0x00000008   Code   RO          252    i.HAL_HCD_PortEnabled_Callback  usbh_conf.o
    0x08000a70   0x08000a70   0x00000006   Code   RO          594    i.HAL_HCD_ResetPort  stm32l4xx_hal_hcd.o
    0x08000a76   0x08000a76   0x00000008   Code   RO          253    i.HAL_HCD_SOF_Callback  usbh_conf.o
    0x08000a7e   0x08000a7e   0x0000002c   Code   RO          596    i.HAL_HCD_Start     stm32l4xx_hal_hcd.o
    0x08000aaa   0x08000aaa   0x00000024   Code   RO          597    i.HAL_HCD_Stop      stm32l4xx_hal_hcd.o
    0x08000ace   0x08000ace   0x00000002   PAD
    0x08000ad0   0x08000ad0   0x00000010   Code   RO         1519    i.HAL_IncTick       stm32l4xx_hal.o
    0x08000ae0   0x08000ae0   0x0000002c   Code   RO         1520    i.HAL_Init          stm32l4xx_hal.o
    0x08000b0c   0x08000b0c   0x00000030   Code   RO         1521    i.HAL_InitTick      stm32l4xx_hal.o
    0x08000b3c   0x08000b3c   0x0000002c   Code   RO          539    i.HAL_MspInit       stm32l4xx_hal_msp.o
    0x08000b68   0x08000b68   0x00000016   Code   RO         3231    i.HAL_NVIC_EnableIRQ  stm32l4xx_hal_cortex.o
    0x08000b7e   0x08000b7e   0x00000002   PAD
    0x08000b80   0x08000b80   0x00000040   Code   RO         3237    i.HAL_NVIC_SetPriority  stm32l4xx_hal_cortex.o
    0x08000bc0   0x08000bc0   0x00000024   Code   RO         3238    i.HAL_NVIC_SetPriorityGrouping  stm32l4xx_hal_cortex.o
    0x08000be4   0x08000be4   0x00000068   Code   RO         2981    i.HAL_PWREx_ControlVoltageScaling  stm32l4xx_hal_pwr_ex.o
    0x08000c4c   0x08000c4c   0x00000010   Code   RO         3007    i.HAL_PWREx_EnableVddUSB  stm32l4xx_hal_pwr_ex.o
    0x08000c5c   0x08000c5c   0x00000010   Code   RO         3012    i.HAL_PWREx_GetVoltageRange  stm32l4xx_hal_pwr_ex.o
    0x08000c6c   0x08000c6c   0x000003ae   Code   RO         2347    i.HAL_RCCEx_PeriphCLKConfig  stm32l4xx_hal_rcc_ex.o
    0x0800101a   0x0800101a   0x00000002   PAD
    0x0800101c   0x0800101c   0x00000118   Code   RO         2232    i.HAL_RCC_ClockConfig  stm32l4xx_hal_rcc.o
    0x08001134   0x08001134   0x00000024   Code   RO         2238    i.HAL_RCC_GetPCLK1Freq  stm32l4xx_hal_rcc.o
    0x08001158   0x08001158   0x00000024   Code   RO         2239    i.HAL_RCC_GetPCLK2Freq  stm32l4xx_hal_rcc.o
    0x0800117c   0x0800117c   0x000000a4   Code   RO         2240    i.HAL_RCC_GetSysClockFreq  stm32l4xx_hal_rcc.o
    0x08001220   0x08001220   0x00000464   Code   RO         2243    i.HAL_RCC_OscConfig  stm32l4xx_hal_rcc.o
    0x08001684   0x08001684   0x00000028   Code   RO         3242    i.HAL_SYSTICK_Config  stm32l4xx_hal_cortex.o
    0x080016ac   0x080016ac   0x00000002   Code   RO         1445    i.HAL_UARTEx_WakeupCallback  stm32l4xx_hal_uart_ex.o
    0x080016ae   0x080016ae   0x00000002   Code   RO         1104    i.HAL_UART_ErrorCallback  stm32l4xx_hal_uart.o
    0x080016b0   0x080016b0   0x00000144   Code   RO         1107    i.HAL_UART_IRQHandler  stm32l4xx_hal_uart.o
    0x080017f4   0x080017f4   0x0000006a   Code   RO         1108    i.HAL_UART_Init     stm32l4xx_hal_uart.o
    0x0800185e   0x0800185e   0x00000002   PAD
    0x08001860   0x08001860   0x00000074   Code   RO          541    i.HAL_UART_MspInit  stm32l4xx_hal_msp.o
    0x080018d4   0x080018d4   0x000000b0   Code   RO         1116    i.HAL_UART_Transmit  stm32l4xx_hal_uart.o
    0x08001984   0x08001984   0x00000002   Code   RO         1119    i.HAL_UART_TxCpltCallback  stm32l4xx_hal_uart.o
    0x08001986   0x08001986   0x00000232   Code   RO          598    i.HCD_HC_IN_IRQHandler  stm32l4xx_hal_hcd.o
    0x08001bb8   0x08001bb8   0x00000240   Code   RO          599    i.HCD_HC_OUT_IRQHandler  stm32l4xx_hal_hcd.o
    0x08001df8   0x08001df8   0x000000b8   Code   RO          600    i.HCD_Port_IRQHandler  stm32l4xx_hal_hcd.o
    0x08001eb0   0x08001eb0   0x00000070   Code   RO          601    i.HCD_RXQLVL_IRQHandler  stm32l4xx_hal_hcd.o
    0x08001f20   0x08001f20   0x00000002   Code   RO          448    i.HardFault_Handler  stm32l4xx_it.o
    0x08001f22   0x08001f22   0x00000002   PAD
    0x08001f24   0x08001f24   0x00000018   Code   RO          421    i.MX_DriverVbusFS   usbh_platform.o
    0x08001f3c   0x08001f3c   0x000002d2   Code   RO           14    i.MX_GPIO_Init      main.o
    0x0800220e   0x0800220e   0x00000002   PAD
    0x08002210   0x08002210   0x0000002c   Code   RO           15    i.MX_USART2_UART_Init  main.o
    0x0800223c   0x0800223c   0x0000002c   Code   RO          174    i.MX_USB_HOST_Init  usb_host.o
    0x08002268   0x08002268   0x0000000c   Code   RO          175    i.MX_USB_HOST_Process  usb_host.o
    0x08002274   0x08002274   0x00000002   Code   RO          449    i.MemManage_Handler  stm32l4xx_it.o
    0x08002276   0x08002276   0x00000002   Code   RO          450    i.NMI_Handler       stm32l4xx_it.o
    0x08002278   0x08002278   0x00000020   Code   RO         3244    i.NVIC_SetPriority  stm32l4xx_hal_cortex.o
    0x08002298   0x08002298   0x0000000c   Code   RO          451    i.OTG_FS_IRQHandler  stm32l4xx_it.o
    0x080022a4   0x080022a4   0x00000002   Code   RO          452    i.PendSV_Handler    stm32l4xx_it.o
    0x080022a6   0x080022a6   0x00000002   PAD
    0x080022a8   0x080022a8   0x0000012c   Code   RO         2351    i.RCCEx_PLLSAI1_Config  stm32l4xx_hal_rcc_ex.o
    0x080023d4   0x080023d4   0x00000108   Code   RO         2352    i.RCCEx_PLLSAI2_Config  stm32l4xx_hal_rcc_ex.o
    0x080024dc   0x080024dc   0x0000007c   Code   RO         2244    i.RCC_SetFlashLatencyFromMSIRange  stm32l4xx_hal_rcc.o
    0x08002558   0x08002558   0x00000002   Code   RO          453    i.SVC_Handler       stm32l4xx_it.o
    0x0800255a   0x0800255a   0x00000004   Code   RO          454    i.SysTick_Handler   stm32l4xx_it.o
    0x0800255e   0x0800255e   0x0000008a   Code   RO           16    i.SystemClock_Config  main.o
    0x080025e8   0x080025e8   0x00000044   Code   RO         3362    i.SystemInit        system_stm32l4xx.o
    0x0800262c   0x0800262c   0x000000c8   Code   RO         1121    i.UART_AdvFeatureConfig  stm32l4xx_hal_uart.o
    0x080026f4   0x080026f4   0x0000005c   Code   RO         1122    i.UART_CheckIdleState  stm32l4xx_hal_uart.o
    0x08002750   0x08002750   0x00000014   Code   RO         1123    i.UART_DMAAbortOnError  stm32l4xx_hal_uart.o
    0x08002764   0x08002764   0x00000020   Code   RO         1133    i.UART_EndRxTransfer  stm32l4xx_hal_uart.o
    0x08002784   0x08002784   0x000002a0   Code   RO         1137    i.UART_SetConfig    stm32l4xx_hal_uart.o
    0x08002a24   0x08002a24   0x00000064   Code   RO         1140    i.UART_WaitOnFlagUntilTimeout  stm32l4xx_hal_uart.o
    0x08002a88   0x08002a88   0x0000000c   Code   RO          455    i.USART2_IRQHandler  stm32l4xx_it.o
    0x08002a94   0x08002a94   0x00000034   Code   RO         3699    i.USBH_AllocPipe    usbh_pipes.o
    0x08002ac8   0x08002ac8   0x00000020   Code   RO         3627    i.USBH_BulkReceiveData  usbh_ioreq.o
    0x08002ae8   0x08002ae8   0x00000028   Code   RO         3628    i.USBH_BulkSendData  usbh_ioreq.o
    0x08002b10   0x08002b10   0x00000024   Code   RO         3744    i.USBH_CDC_ClassRequest  usbh_cdc.o
    0x08002b34   0x08002b34   0x0000005e   Code   RO         3747    i.USBH_CDC_InterfaceDeInit  usbh_cdc.o
    0x08002b92   0x08002b92   0x00000134   Code   RO         3748    i.USBH_CDC_InterfaceInit  usbh_cdc.o
    0x08002cc6   0x08002cc6   0x00000002   Code   RO         3749    i.USBH_CDC_LineCodingChanged  usbh_cdc.o
    0x08002cc8   0x08002cc8   0x000000b8   Code   RO         3750    i.USBH_CDC_Process  usbh_cdc.o
    0x08002d80   0x08002d80   0x00000002   Code   RO         3752    i.USBH_CDC_ReceiveCallback  usbh_cdc.o
    0x08002d82   0x08002d82   0x00000004   Code   RO         3753    i.USBH_CDC_SOFProcess  usbh_cdc.o
    0x08002d86   0x08002d86   0x00000002   Code   RO         3757    i.USBH_CDC_TransmitCallback  usbh_cdc.o
    0x08002d88   0x08002d88   0x0000000a   Code   RO         3700    i.USBH_ClosePipe    usbh_pipes.o
    0x08002d92   0x08002d92   0x0000001e   Code   RO         3533    i.USBH_ClrFeature   usbh_ctlreq.o
    0x08002db0   0x08002db0   0x0000001e   Code   RO         3629    i.USBH_CtlReceiveData  usbh_ioreq.o
    0x08002dce   0x08002dce   0x0000003a   Code   RO         3534    i.USBH_CtlReq       usbh_ctlreq.o
    0x08002e08   0x08002e08   0x00000028   Code   RO         3630    i.USBH_CtlSendData  usbh_ioreq.o
    0x08002e30   0x08002e30   0x0000001e   Code   RO         3631    i.USBH_CtlSendSetup  usbh_ioreq.o
    0x08002e4e   0x08002e4e   0x00000004   Code   RO          254    i.USBH_Delay        usbh_conf.o
    0x08002e52   0x08002e52   0x00000002   PAD
    0x08002e54   0x08002e54   0x00000044   Code   RO         3401    i.USBH_FindInterface  usbh_core.o
    0x08002e98   0x08002e98   0x00000018   Code   RO         3701    i.USBH_FreePipe     usbh_pipes.o
    0x08002eb0   0x08002eb0   0x00000034   Code   RO         3535    i.USBH_GetDescriptor  usbh_ctlreq.o
    0x08002ee4   0x08002ee4   0x0000000e   Code   RO         3536    i.USBH_GetNextDesc  usbh_ctlreq.o
    0x08002ef2   0x08002ef2   0x0000002c   Code   RO         3537    i.USBH_Get_CfgDesc  usbh_ctlreq.o
    0x08002f1e   0x08002f1e   0x00000090   Code   RO         3538    i.USBH_Get_DevDesc  usbh_ctlreq.o
    0x08002fae   0x08002fae   0x00000048   Code   RO         3539    i.USBH_Get_StringDesc  usbh_ctlreq.o
    0x08002ff6   0x08002ff6   0x00000190   Code   RO         3540    i.USBH_HandleControl  usbh_ctlreq.o
    0x08003186   0x08003186   0x000000f2   Code   RO         3404    i.USBH_HandleEnum   usbh_core.o
    0x08003278   0x08003278   0x00000030   Code   RO         3405    i.USBH_Init         usbh_core.o
    0x080032a8   0x080032a8   0x00000020   Code   RO          255    i.USBH_LL_ClosePipe  usbh_conf.o
    0x080032c8   0x080032c8   0x0000002a   Code   RO         3407    i.USBH_LL_Connect   usbh_core.o
    0x080032f2   0x080032f2   0x00000038   Code   RO         3408    i.USBH_LL_Disconnect  usbh_core.o
    0x0800332a   0x0800332a   0x0000001a   Code   RO          257    i.USBH_LL_DriverVBUS  usbh_conf.o
    0x08003344   0x08003344   0x00000008   Code   RO          258    i.USBH_LL_GetLastXferSize  usbh_conf.o
    0x0800334c   0x0800334c   0x00000022   Code   RO          259    i.USBH_LL_GetSpeed  usbh_conf.o
    0x0800336e   0x0800336e   0x00000008   Code   RO          261    i.USBH_LL_GetURBState  usbh_conf.o
    0x08003376   0x08003376   0x0000001e   Code   RO         3409    i.USBH_LL_IncTimer  usbh_core.o
    0x08003394   0x08003394   0x00000050   Code   RO          262    i.USBH_LL_Init      usbh_conf.o
    0x080033e4   0x080033e4   0x0000002a   Code   RO          263    i.USBH_LL_OpenPipe  usbh_conf.o
    0x0800340e   0x0800340e   0x00000008   Code   RO         3410    i.USBH_LL_PortDisabled  usbh_core.o
    0x08003416   0x08003416   0x00000008   Code   RO         3411    i.USBH_LL_PortEnabled  usbh_core.o
    0x0800341e   0x0800341e   0x00000020   Code   RO          264    i.USBH_LL_ResetPort  usbh_conf.o
    0x0800343e   0x0800343e   0x00000006   Code   RO         3412    i.USBH_LL_SetTimer  usbh_core.o
    0x08003444   0x08003444   0x00000020   Code   RO          265    i.USBH_LL_SetToggle  usbh_conf.o
    0x08003464   0x08003464   0x00000020   Code   RO          266    i.USBH_LL_Start     usbh_conf.o
    0x08003484   0x08003484   0x00000020   Code   RO          267    i.USBH_LL_Stop      usbh_conf.o
    0x080034a4   0x080034a4   0x00000030   Code   RO          268    i.USBH_LL_SubmitURB  usbh_conf.o
    0x080034d4   0x080034d4   0x00000014   Code   RO         3702    i.USBH_OpenPipe     usbh_pipes.o
    0x080034e8   0x080034e8   0x000000dc   Code   RO         3541    i.USBH_ParseCfgDesc  usbh_ctlreq.o
    0x080035c4   0x080035c4   0x000001a0   Code   RO         3413    i.USBH_Process      usbh_core.o
    0x08003764   0x08003764   0x0000001c   Code   RO         3415    i.USBH_RegisterClass  usbh_core.o
    0x08003780   0x08003780   0x00000016   Code   RO         3416    i.USBH_SelectInterface  usbh_core.o
    0x08003796   0x08003796   0x0000001c   Code   RO         3542    i.USBH_SetAddress   usbh_ctlreq.o
    0x080037b2   0x080037b2   0x0000001c   Code   RO         3543    i.USBH_SetCfg       usbh_ctlreq.o
    0x080037ce   0x080037ce   0x0000001c   Code   RO         3544    i.USBH_SetFeature   usbh_ctlreq.o
    0x080037ea   0x080037ea   0x00000014   Code   RO         3417    i.USBH_Start        usbh_core.o
    0x080037fe   0x080037fe   0x00000002   PAD
    0x08003800   0x08003800   0x00000020   Code   RO          176    i.USBH_UserProcess  usb_host.o
    0x08003820   0x08003820   0x00000054   Code   RO          756    i.USB_CoreInit      stm32l4xx_ll_usb.o
    0x08003874   0x08003874   0x00000038   Code   RO          757    i.USB_CoreReset     stm32l4xx_ll_usb.o
    0x080038ac   0x080038ac   0x0000000c   Code   RO          764    i.USB_DisableGlobalInt  stm32l4xx_ll_usb.o
    0x080038b8   0x080038b8   0x0000002c   Code   RO          766    i.USB_DriveVbus     stm32l4xx_ll_usb.o
    0x080038e4   0x080038e4   0x0000000c   Code   RO          772    i.USB_EnableGlobalInt  stm32l4xx_ll_usb.o
    0x080038f0   0x080038f0   0x00000020   Code   RO          773    i.USB_FlushRxFifo   stm32l4xx_ll_usb.o
    0x08003910   0x08003910   0x00000024   Code   RO          774    i.USB_FlushTxFifo   stm32l4xx_ll_usb.o
    0x08003934   0x08003934   0x00000008   Code   RO          775    i.USB_GetCurrentFrame  stm32l4xx_ll_usb.o
    0x0800393c   0x0800393c   0x0000000e   Code   RO          777    i.USB_GetHostSpeed  stm32l4xx_ll_usb.o
    0x0800394a   0x0800394a   0x00000008   Code   RO          778    i.USB_GetMode       stm32l4xx_ll_usb.o
    0x08003952   0x08003952   0x000000c2   Code   RO          779    i.USB_HC_Halt       stm32l4xx_ll_usb.o
    0x08003a14   0x08003a14   0x000000d8   Code   RO          780    i.USB_HC_Init       stm32l4xx_ll_usb.o
    0x08003aec   0x08003aec   0x00000008   Code   RO          781    i.USB_HC_ReadInterrupt  stm32l4xx_ll_usb.o
    0x08003af4   0x08003af4   0x00000108   Code   RO          782    i.USB_HC_StartXfer  stm32l4xx_ll_usb.o
    0x08003bfc   0x08003bfc   0x000000c8   Code   RO          783    i.USB_HostInit      stm32l4xx_ll_usb.o
    0x08003cc4   0x08003cc4   0x00000036   Code   RO          784    i.USB_InitFSLSPClkSel  stm32l4xx_ll_usb.o
    0x08003cfa   0x08003cfa   0x00000008   Code   RO          789    i.USB_ReadInterrupts  stm32l4xx_ll_usb.o
    0x08003d02   0x08003d02   0x0000001c   Code   RO          790    i.USB_ReadPacket    stm32l4xx_ll_usb.o
    0x08003d1e   0x08003d1e   0x00000032   Code   RO          791    i.USB_ResetPort     stm32l4xx_ll_usb.o
    0x08003d50   0x08003d50   0x0000002e   Code   RO          792    i.USB_SetCurrentMode  stm32l4xx_ll_usb.o
    0x08003d7e   0x08003d7e   0x00000002   PAD
    0x08003d80   0x08003d80   0x0000007e   Code   RO          796    i.USB_StopHost      stm32l4xx_ll_usb.o
    0x08003dfe   0x08003dfe   0x00000020   Code   RO          797    i.USB_WritePacket   stm32l4xx_ll_usb.o
    0x08003e1e   0x08003e1e   0x00000002   Code   RO          456    i.UsageFault_Handler  stm32l4xx_it.o
    0x08003e20   0x08003e20   0x0000000e   Code   RO         3922    i.__scatterload_copy  mc_w.l(handlers.o)
    0x08003e2e   0x08003e2e   0x00000002   Code   RO         3923    i.__scatterload_null  mc_w.l(handlers.o)
    0x08003e30   0x08003e30   0x0000000e   Code   RO         3924    i.__scatterload_zeroinit  mc_w.l(handlers.o)
    0x08003e3e   0x08003e3e   0x00000002   PAD
    0x08003e40   0x08003e40   0x00000050   Code   RO         3870    i.free              mc_w.l(malloc.o)
    0x08003e90   0x08003e90   0x0000001a   Code   RO           17    i.main              main.o
    0x08003eaa   0x08003eaa   0x00000002   PAD
    0x08003eac   0x08003eac   0x0000006c   Code   RO         3871    i.malloc            mc_w.l(malloc.o)
    0x08003f18   0x08003f18   0x00000040   Data   RO         3363    .constdata          system_stm32l4xx.o
    0x08003f58   0x08003f58   0x00000008   Data   RO         3364    .constdata          system_stm32l4xx.o
    0x08003f60   0x08003f60   0x0000001a   Data   RO           19    .conststring        main.o
    0x08003f7a   0x08003f7a   0x00000002   PAD
    0x08003f7c   0x08003f7c   0x0000001a   Data   RO           20    .conststring        main.o
    0x08003f96   0x08003f96   0x00000002   PAD
    0x08003f98   0x08003f98   0x00000004   Data   RO         3758    .conststring        usbh_cdc.o
    0x08003f9c   0x08003f9c   0x00000020   Data   RO         3920    Region$$Table       anon$$obj.o


    Execution Region RW_IRAM1 (Exec base: 0x20000000, Load base: 0x08003fbc, Size: 0x00000d50, Max: 0x00018000, ABSOLUTE)

    Exec Addr    Load Addr    Size         Type   Attr      Idx    E Section Name        Object

    0x20000000   0x08003fbc   0x00000004   Data   RW           22    .data               main.o
    0x20000004   0x08003fc0   0x00000004   Data   RW           23    .data               main.o
    0x20000008   0x08003fc4   0x00000004   Data   RW           24    .data               main.o
    0x2000000c   0x08003fc8   0x00000001   Data   RW          178    .data               usb_host.o
    0x2000000d   0x08003fc9   0x00000003   PAD
    0x20000010   0x08003fcc   0x00000004   Data   RW          798    .data               stm32l4xx_ll_usb.o
    0x20000014   0x08003fd0   0x00000004   Data   RW         1536    .data               stm32l4xx_hal.o
    0x20000018   0x08003fd4   0x00000004   Data   RW         3365    .data               system_stm32l4xx.o
    0x2000001c   0x08003fd8   0x00000020   Data   RW         3759    .data               usbh_cdc.o
    0x2000003c   0x08003ff8   0x00000004   Data   RW         3916    .data               mc_w.l(mvars.o)
    0x20000040   0x08003ffc   0x00000004   Data   RW         3917    .data               mc_w.l(mvars.o)
    0x20000044        -       0x00000078   Zero   RW           18    .bss                main.o
    0x200000bc        -       0x000003cc   Zero   RW          177    .bss                usb_host.o
    0x20000488        -       0x000002c4   Zero   RW          269    .bss                usbh_conf.o
    0x2000074c   0x08004000   0x00000004   PAD
    0x20000750        -       0x00000200   Zero   RW            2    HEAP                startup_stm32l476xx.o
    0x20000950        -       0x00000400   Zero   RW            1    STACK               startup_stm32l476xx.o


==============================================================================

Image component sizes


      Code (inc. data)   RO Data    RW Data    ZI Data      Debug   Object Name

       932         36         52         12        120     803132   main.o
        36          8        392          0       1536        860   startup_stm32l476xx.o
       148         22          0          4          0       4347   stm32l4xx_hal.o
       194         14          0          0          0      30535   stm32l4xx_hal_cortex.o
        78          0          0          0          0       1131   stm32l4xx_hal_dma.o
       494         44          0          0          0       3744   stm32l4xx_hal_gpio.o
      2264          4          0          0          0      14021   stm32l4xx_hal_hcd.o
       160         18          0          0          0       1621   stm32l4xx_hal_msp.o
       136         24          0          0          0       1983   stm32l4xx_hal_pwr_ex.o
      1764         86          0          0          0       7060   stm32l4xx_hal_rcc.o
      1506         44          0          0          0       4148   stm32l4xx_hal_rcc_ex.o
      1726         74          0          0          0      10218   stm32l4xx_hal_uart.o
         2          0          0          0          0       1048   stm32l4xx_hal_uart_ex.o
       136         28          0          0          0       5801   stm32l4xx_it.o
      1532         44          0          4          0      17646   stm32l4xx_ll_usb.o
        68         12         72          4          0       1281   system_stm32l4xx.o
        88         24          0          1        972       9862   usb_host.o
       872          6          4         32          0      13052   usbh_cdc.o
       580         12          0          0        708      12779   usbh_conf.o
      1066         20          0          0          0      11328   usbh_core.o
      1118         12          0          0          0      10894   usbh_ctlreq.o
       172          0          0          0          0       4488   usbh_ioreq.o
       106          0          0          0          0       3470   usbh_pipes.o
        24          6          0          0          0        542   usbh_platform.o

    ----------------------------------------------------------------------
     15232        538        556         60       3340     974991   Object Totals
         0          0         32          0          0          0   (incl. Generated)
        30          0          4          3          4          0   (incl. Padding)

    ----------------------------------------------------------------------

      Code (inc. data)   RO Data    RW Data    ZI Data      Debug   Library Member Name

         0          0          0          0          0          0   entry.o
         0          0          0          0          0          0   entry10a.o
         0          0          0          0          0          0   entry11a.o
         8          4          0          0          0          0   entry2.o
         4          0          0          0          0          0   entry5.o
         0          0          0          0          0          0   entry7b.o
         0          0          0          0          0          0   entry8b.o
         8          4          0          0          0          0   entry9a.o
        30          0          0          0          0          0   handlers.o
        36          8          0          0          0         68   init.o
        30          0          0          0          0         68   llshl.o
        32          0          0          0          0         68   llushr.o
       188         20          0          0          0        160   malloc.o
        36          0          0          0          0         68   memcpya.o
        36          0          0          0          0        108   memseta.o
         0          0          0          8          0          0   mvars.o
        14          0          0          0          0         68   strlen.o
       104          0          0          0          0         92   uldiv.o

    ----------------------------------------------------------------------
       528         36          0          8          0        700   Library Totals
         2          0          0          0          0          0   (incl. Padding)

    ----------------------------------------------------------------------

      Code (inc. data)   RO Data    RW Data    ZI Data      Debug   Library Name

       526         36          0          8          0        700   mc_w.l

    ----------------------------------------------------------------------
       528         36          0          8          0        700   Library Totals

    ----------------------------------------------------------------------

==============================================================================


      Code (inc. data)   RO Data    RW Data    ZI Data      Debug   

     15760        574        556         68       3340     959835   Grand Totals
     15760        574        556         68       3340     959835   ELF Image Totals
     15760        574        556         68          0          0   ROM Totals

==============================================================================

    Total RO  Size (Code + RO Data)                16316 (  15.93kB)
    Total RW  Size (RW Data + ZI Data)              3408 (   3.33kB)
    Total ROM Size (Code + RO Data + RW Data)      16384 (  16.00kB)

==============================================================================

